[debug] [2026-09-20T12:57:39.002Z] ----------------------------------------------------------------------
[debug] [2026-09-20T12:57:39.005Z] Command:       C:\Program Files\nodejs\node.exe C:\Users\Andre\AppData\Roaming\npm\node_modules\firebase-tools\lib\bin\firebase.js deploy --only functions
[debug] [2026-09-20T12:57:39.005Z] CLI Version:   15.30.2
[debug] [2026-09-20T12:57:39.006Z] Platform:      win32
[debug] [2026-09-20T12:57:39.006Z] Node Version:  v24.18.0
[debug] [2026-09-20T12:57:39.006Z] Detected Agent: unknown
[debug] [2026-09-20T12:57:39.006Z] Time:          Sun Sep 20 2026 14:57:39 GMT+0200 (Mitteleuropäische Sommerzeit)
[debug] [2026-09-20T12:57:39.006Z] ----------------------------------------------------------------------
[debug] 
[debug] [2026-09-20T12:57:41.955Z] > command requires scopes: ["email","openid","https://www.googleapis.com/auth/cloudplatformprojects.readonly","https://www.googleapis.com/auth/firebase","https://www.googleapis.com/auth/cloud-platform"]
[debug] [2026-09-20T12:57:41.956Z] > authorizing via signed-in user (andre.ohlendorf@gmail.com)
[debug] [2026-09-20T12:57:41.956Z] [iam] checking project teammanager-football for permissions ["cloudfunctions.functions.create","cloudfunctions.functions.delete","cloudfunctions.functions.get","cloudfunctions.functions.list","cloudfunctions.functions.update","cloudfunctions.operations.get","firebase.projects.get"]
[debug] [2026-09-20T12:57:41.970Z] Checked if tokens are valid: true, expires at: 1789912623677
[debug] [2026-09-20T12:57:41.970Z] Checked if tokens are valid: true, expires at: 1789912623677
[debug] [2026-09-20T12:57:41.971Z] >>> [apiv2][query] POST https://cloudresourcemanager.googleapis.com/v1/projects/teammanager-football:testIamPermissions [none]
[debug] [2026-09-20T12:57:41.971Z] >>> [apiv2][(partial)header] POST https://cloudresourcemanager.googleapis.com/v1/projects/teammanager-football:testIamPermissions  x-goog-user-project=teammanager-football
[debug] [2026-09-20T12:57:41.971Z] >>> [apiv2][body] POST https://cloudresourcemanager.googleapis.com/v1/projects/teammanager-football:testIamPermissions {"permissions":["cloudfunctions.functions.create","cloudfunctions.functions.delete","cloudfunctions.functions.get","cloudfunctions.functions.list","cloudfunctions.functions.update","cloudfunctions.operations.get","firebase.projects.get"]}
[debug] [2026-09-20T12:57:42.809Z] <<< [apiv2][status] POST https://cloudresourcemanager.googleapis.com/v1/projects/teammanager-football:testIamPermissions 200
[debug] [2026-09-20T12:57:42.809Z] <<< [apiv2][body] POST https://cloudresourcemanager.googleapis.com/v1/projects/teammanager-football:testIamPermissions {"permissions":["cloudfunctions.functions.create","cloudfunctions.functions.delete","cloudfunctions.functions.get","cloudfunctions.functions.list","cloudfunctions.functions.update","cloudfunctions.operations.get","firebase.projects.get"]}
[debug] [2026-09-20T12:57:42.810Z] Checked if tokens are valid: true, expires at: 1789912623677
[debug] [2026-09-20T12:57:42.810Z] Checked if tokens are valid: true, expires at: 1789912623677
[debug] [2026-09-20T12:57:42.811Z] >>> [apiv2][query] POST https://iam.googleapis.com/v1/projects/teammanager-football/serviceAccounts/teammanager-football@appspot.gserviceaccount.com:testIamPermissions [none]
[debug] [2026-09-20T12:57:42.811Z] >>> [apiv2][body] POST https://iam.googleapis.com/v1/projects/teammanager-football/serviceAccounts/teammanager-football@appspot.gserviceaccount.com:testIamPermissions {"permissions":["iam.serviceAccounts.actAs"]}
[debug] [2026-09-20T12:57:43.605Z] <<< [apiv2][status] POST https://iam.googleapis.com/v1/projects/teammanager-football/serviceAccounts/teammanager-football@appspot.gserviceaccount.com:testIamPermissions 404
[debug] [2026-09-20T12:57:43.606Z] <<< [apiv2][body] POST https://iam.googleapis.com/v1/projects/teammanager-football/serviceAccounts/teammanager-football@appspot.gserviceaccount.com:testIamPermissions {"error":{"code":404,"message":"Unknown service account","status":"NOT_FOUND"}}
[debug] [2026-09-20T12:57:43.607Z] [functions] service account IAM check errored, deploy may fail: Request to https://iam.googleapis.com/v1/projects/teammanager-football/serviceAccounts/teammanager-football@appspot.gserviceaccount.com:testIamPermissions had HTTP Error: 404, Unknown service account {"name":"FirebaseError","children":[],"context":{"body":{"error":{"code":404,"message":"Unknown service account","status":"NOT_FOUND"}},"response":{"statusCode":404}},"exit":1,"message":"Request to https://iam.googleapis.com/v1/projects/teammanager-football/serviceAccounts/teammanager-football@appspot.gserviceaccount.com:testIamPermissions had HTTP Error: 404, Unknown service account","status":404}
[info] 
[info] === Deploying to 'teammanager-football'...
[info] 
[info] i  deploying functions 
[debug] [2026-09-20T12:57:43.617Z] Checked if tokens are valid: true, expires at: 1789912623677
[debug] [2026-09-20T12:57:43.617Z] Checked if tokens are valid: true, expires at: 1789912623677
[debug] [2026-09-20T12:57:43.617Z] >>> [apiv2][query] GET https://cloudresourcemanager.googleapis.com/v1/projects/teammanager-football [none]
[debug] [2026-09-20T12:57:43.791Z] <<< [apiv2][status] GET https://cloudresourcemanager.googleapis.com/v1/projects/teammanager-football 200
[debug] [2026-09-20T12:57:43.791Z] <<< [apiv2][body] GET https://cloudresourcemanager.googleapis.com/v1/projects/teammanager-football {"projectNumber":"418794589338","projectId":"teammanager-football","lifecycleState":"ACTIVE","name":"Teammanager-Football","labels":{"firebase":"enabled","firebase-core":"disabled"},"createTime":"2026-07-23T11:49:55.388Z"}
[info] i  functions: preparing codebase default for deployment 
[info] i  functions: ensuring required API cloudfunctions.googleapis.com is enabled... 
[debug] [2026-09-20T12:57:43.795Z] Checked if tokens are valid: true, expires at: 1789912623677
[debug] [2026-09-20T12:57:43.796Z] Checked if tokens are valid: true, expires at: 1789912623677
[debug] [2026-09-20T12:57:43.797Z] Checked if tokens are valid: true, expires at: 1789912623677
[debug] [2026-09-20T12:57:43.797Z] Checked if tokens are valid: true, expires at: 1789912623677
[info] i  functions: ensuring required API cloudbuild.googleapis.com is enabled... 
[debug] [2026-09-20T12:57:43.799Z] Checked if tokens are valid: true, expires at: 1789912623677
[debug] [2026-09-20T12:57:43.799Z] Checked if tokens are valid: true, expires at: 1789912623677
[info] i  artifactregistry: ensuring required API artifactregistry.googleapis.com is enabled... 
[debug] [2026-09-20T12:57:43.800Z] Checked if tokens are valid: true, expires at: 1789912623677
[debug] [2026-09-20T12:57:43.800Z] Checked if tokens are valid: true, expires at: 1789912623677
[debug] [2026-09-20T12:57:43.801Z] >>> [apiv2][query] GET https://serviceusage.googleapis.com/v1/projects/teammanager-football/services/cloudfunctions.googleapis.com [none]
[debug] [2026-09-20T12:57:43.801Z] >>> [apiv2][(partial)header] GET https://serviceusage.googleapis.com/v1/projects/teammanager-football/services/cloudfunctions.googleapis.com  x-goog-user-project=teammanager-football
[debug] [2026-09-20T12:57:43.804Z] >>> [apiv2][query] GET https://serviceusage.googleapis.com/v1/projects/teammanager-football/services/runtimeconfig.googleapis.com [none]
[debug] [2026-09-20T12:57:43.804Z] >>> [apiv2][(partial)header] GET https://serviceusage.googleapis.com/v1/projects/teammanager-football/services/runtimeconfig.googleapis.com  x-goog-user-project=teammanager-football
[debug] [2026-09-20T12:57:43.806Z] >>> [apiv2][query] GET https://serviceusage.googleapis.com/v1/projects/teammanager-football/services/cloudbuild.googleapis.com [none]
[debug] [2026-09-20T12:57:43.807Z] >>> [apiv2][(partial)header] GET https://serviceusage.googleapis.com/v1/projects/teammanager-football/services/cloudbuild.googleapis.com  x-goog-user-project=teammanager-football
[debug] [2026-09-20T12:57:43.809Z] >>> [apiv2][query] GET https://serviceusage.googleapis.com/v1/projects/teammanager-football/services/artifactregistry.googleapis.com [none]
[debug] [2026-09-20T12:57:43.809Z] >>> [apiv2][(partial)header] GET https://serviceusage.googleapis.com/v1/projects/teammanager-football/services/artifactregistry.googleapis.com  x-goog-user-project=teammanager-football
[debug] [2026-09-20T12:57:44.857Z] <<< [apiv2][status] GET https://serviceusage.googleapis.com/v1/projects/teammanager-football/services/runtimeconfig.googleapis.com 200
[debug] [2026-09-20T12:57:44.857Z] <<< [apiv2][body] GET https://serviceusage.googleapis.com/v1/projects/teammanager-football/services/runtimeconfig.googleapis.com [omitted]
[debug] [2026-09-20T12:57:44.867Z] <<< [apiv2][status] GET https://serviceusage.googleapis.com/v1/projects/teammanager-football/services/cloudbuild.googleapis.com 200
[debug] [2026-09-20T12:57:44.867Z] <<< [apiv2][body] GET https://serviceusage.googleapis.com/v1/projects/teammanager-football/services/cloudbuild.googleapis.com [omitted]
[info] +  functions: required API cloudbuild.googleapis.com is enabled 
[debug] [2026-09-20T12:57:44.879Z] <<< [apiv2][status] GET https://serviceusage.googleapis.com/v1/projects/teammanager-football/services/cloudfunctions.googleapis.com 200
[debug] [2026-09-20T12:57:44.880Z] <<< [apiv2][body] GET https://serviceusage.googleapis.com/v1/projects/teammanager-football/services/cloudfunctions.googleapis.com [omitted]
[warn] !  functions: missing required API cloudfunctions.googleapis.com. Enabling now... 
[debug] [2026-09-20T12:57:44.882Z] Checked if tokens are valid: true, expires at: 1789912623677
[debug] [2026-09-20T12:57:44.883Z] Checked if tokens are valid: true, expires at: 1789912623677
[debug] [2026-09-20T12:57:44.883Z] >>> [apiv2][query] POST https://serviceusage.googleapis.com/v1/projects/teammanager-football/services/cloudfunctions.googleapis.com:enable [none]
[debug] [2026-09-20T12:57:44.883Z] >>> [apiv2][(partial)header] POST https://serviceusage.googleapis.com/v1/projects/teammanager-football/services/cloudfunctions.googleapis.com:enable  x-goog-user-project=teammanager-football
[debug] [2026-09-20T12:57:44.888Z] <<< [apiv2][status] GET https://serviceusage.googleapis.com/v1/projects/teammanager-football/services/artifactregistry.googleapis.com 200
[debug] [2026-09-20T12:57:44.889Z] <<< [apiv2][body] GET https://serviceusage.googleapis.com/v1/projects/teammanager-football/services/artifactregistry.googleapis.com [omitted]
[info] +  artifactregistry: required API artifactregistry.googleapis.com is enabled 
[debug] [2026-09-20T12:57:46.285Z] <<< [apiv2][status] POST https://serviceusage.googleapis.com/v1/projects/teammanager-football/services/cloudfunctions.googleapis.com:enable 200
[debug] [2026-09-20T12:57:46.285Z] <<< [apiv2][body] POST https://serviceusage.googleapis.com/v1/projects/teammanager-football/services/cloudfunctions.googleapis.com:enable [omitted]
[debug] [2026-09-20T12:57:56.319Z] Checked if tokens are valid: true, expires at: 1789912623677
[debug] [2026-09-20T12:57:56.319Z] Checked if tokens are valid: true, expires at: 1789912623677
[debug] [2026-09-20T12:57:56.320Z] >>> [apiv2][query] GET https://firebase.googleapis.com/v1beta1/projects/teammanager-football/adminSdkConfig [none]
[debug] [2026-09-20T12:57:56.613Z] <<< [apiv2][status] GET https://firebase.googleapis.com/v1beta1/projects/teammanager-football/adminSdkConfig 200
[debug] [2026-09-20T12:57:56.613Z] <<< [apiv2][body] GET https://firebase.googleapis.com/v1beta1/projects/teammanager-football/adminSdkConfig {"projectId":"teammanager-football","storageBucket":"teammanager-football.firebasestorage.app"}
[debug] [2026-09-20T12:57:56.615Z] Checked if tokens are valid: true, expires at: 1789912623677
[debug] [2026-09-20T12:57:56.615Z] Checked if tokens are valid: true, expires at: 1789912623677
[debug] [2026-09-20T12:57:56.616Z] >>> [apiv2][query] GET https://runtimeconfig.googleapis.com/v1beta1/projects/teammanager-football/configs [none]
[debug] [2026-09-20T12:57:56.894Z] <<< [apiv2][status] GET https://runtimeconfig.googleapis.com/v1beta1/projects/teammanager-football/configs 200
[debug] [2026-09-20T12:57:56.895Z] <<< [apiv2][body] GET https://runtimeconfig.googleapis.com/v1beta1/projects/teammanager-football/configs {}
[debug] [2026-09-20T12:57:56.898Z] Validating nodejs source
[warn] !  functions: Runtime Node.js 20 was deprecated on 2026-04-30 and will be decommissioned on 2026-10-30, after which you will not be able to deploy without upgrading. Consider upgrading now to avoid disruption. See https://cloud.google.com/functions/docs/runtime-support for full details on the lifecycle policy 
[warn] !  functions: package.json indicates an outdated version of firebase-functions. Please upgrade using npm install --save firebase-functions@latest in your functions directory. 
[warn] !  functions: Please note that there will be breaking changes when you upgrade. 
[debug] [2026-09-20T12:57:58.292Z] > [functions] package.json contents: {
  "name": "teammanager-functions",
  "private": true,
  "description": "Cloud Functions für den Teammanager",
  "main": "index.js",
  "engines": {
    "node": "20"
  },
  "scripts": {
    "deploy": "firebase deploy --only functions"
  },
  "dependencies": {
    "firebase-admin": "^12.0.0",
    "firebase-functions": "^6.0.0"
  }
}
[debug] [2026-09-20T12:57:58.294Z] Building nodejs source
[info] i  functions: Loading and analyzing source code for codebase default to determine what to deploy 
[debug] [2026-09-20T12:57:58.299Z] Could not find functions.yaml. Must use http discovery
[debug] [2026-09-20T12:57:58.339Z] Found firebase-functions binary at 'C:\Users\Andre\Projekte\Teammanager\functions\node_modules\.bin\firebase-functions'
[info] Serving at port 8072

[debug] [2026-09-20T12:58:00.157Z] Got response from /__/functions.yaml {"endpoints":{"deleteUserAccount":{"availableMemoryMb":null,"timeoutSeconds":null,"minInstances":null,"maxInstances":null,"ingressSettings":null,"concurrency":null,"serviceAccountEmail":null,"vpc":null,"platform":"gcfv2","region":["europe-west1"],"labels":{},"callableTrigger":{},"entryPoint":"deleteUserAccount"}},"specVersion":"v1alpha1","requiredAPIs":[],"extensions":{}}
[debug] [2026-09-20T12:58:03.241Z] Checked if tokens are valid: true, expires at: 1789912623677
[debug] [2026-09-20T12:58:03.241Z] Checked if tokens are valid: true, expires at: 1789912623677
[debug] [2026-09-20T12:58:03.242Z] >>> [apiv2][query] GET https://cloudfunctions.googleapis.com/v1/projects/teammanager-football/locations/-/functions [none]
[debug] [2026-09-20T12:58:03.838Z] <<< [apiv2][status] GET https://cloudfunctions.googleapis.com/v1/projects/teammanager-football/locations/-/functions 200
[debug] [2026-09-20T12:58:03.838Z] <<< [apiv2][body] GET https://cloudfunctions.googleapis.com/v1/projects/teammanager-football/locations/-/functions {}
[debug] [2026-09-20T12:58:03.839Z] Checked if tokens are valid: true, expires at: 1789912623677
[debug] [2026-09-20T12:58:03.839Z] Checked if tokens are valid: true, expires at: 1789912623677
[debug] [2026-09-20T12:58:03.840Z] >>> [apiv2][query] GET https://cloudfunctions.googleapis.com/v2/projects/teammanager-football/locations/-/functions filter=environment%3D%22GEN_2%22
[debug] [2026-09-20T12:58:04.909Z] <<< [apiv2][status] GET https://cloudfunctions.googleapis.com/v2/projects/teammanager-football/locations/-/functions 200
[debug] [2026-09-20T12:58:04.910Z] <<< [apiv2][body] GET https://cloudfunctions.googleapis.com/v2/projects/teammanager-football/locations/-/functions {}
[info] i  extensions: ensuring required API firebaseextensions.googleapis.com is enabled... 
[debug] [2026-09-20T12:58:04.913Z] Checked if tokens are valid: true, expires at: 1789912623677
[debug] [2026-09-20T12:58:04.913Z] Checked if tokens are valid: true, expires at: 1789912623677
[debug] [2026-09-20T12:58:04.913Z] >>> [apiv2][query] GET https://serviceusage.googleapis.com/v1/projects/teammanager-football/services/firebaseextensions.googleapis.com [none]
[debug] [2026-09-20T12:58:04.914Z] >>> [apiv2][(partial)header] GET https://serviceusage.googleapis.com/v1/projects/teammanager-football/services/firebaseextensions.googleapis.com  x-goog-user-project=teammanager-football
[debug] [2026-09-20T12:58:05.930Z] <<< [apiv2][status] GET https://serviceusage.googleapis.com/v1/projects/teammanager-football/services/firebaseextensions.googleapis.com 200
[debug] [2026-09-20T12:58:05.930Z] <<< [apiv2][body] GET https://serviceusage.googleapis.com/v1/projects/teammanager-football/services/firebaseextensions.googleapis.com [omitted]
[warn] !  extensions: missing required API firebaseextensions.googleapis.com. Enabling now... 
[debug] [2026-09-20T12:58:05.931Z] Checked if tokens are valid: true, expires at: 1789912623677
[debug] [2026-09-20T12:58:05.931Z] Checked if tokens are valid: true, expires at: 1789912623677
[debug] [2026-09-20T12:58:05.932Z] >>> [apiv2][query] POST https://serviceusage.googleapis.com/v1/projects/teammanager-football/services/firebaseextensions.googleapis.com:enable [none]
[debug] [2026-09-20T12:58:05.932Z] >>> [apiv2][(partial)header] POST https://serviceusage.googleapis.com/v1/projects/teammanager-football/services/firebaseextensions.googleapis.com:enable  x-goog-user-project=teammanager-football
[debug] [2026-09-20T12:58:07.373Z] <<< [apiv2][status] POST https://serviceusage.googleapis.com/v1/projects/teammanager-football/services/firebaseextensions.googleapis.com:enable 200
[debug] [2026-09-20T12:58:07.373Z] <<< [apiv2][body] POST https://serviceusage.googleapis.com/v1/projects/teammanager-football/services/firebaseextensions.googleapis.com:enable [omitted]
[debug] [2026-09-20T12:58:17.398Z] > command requires scopes: ["email","openid","https://www.googleapis.com/auth/cloudplatformprojects.readonly","https://www.googleapis.com/auth/firebase","https://www.googleapis.com/auth/cloud-platform"]
[debug] [2026-09-20T12:58:17.398Z] > authorizing via signed-in user (andre.ohlendorf@gmail.com)
[debug] [2026-09-20T12:58:17.399Z] [iam] checking project teammanager-football for permissions ["firebase.projects.get","firebaseextensions.instances.list"]
[debug] [2026-09-20T12:58:17.399Z] Checked if tokens are valid: true, expires at: 1789912623677
[debug] [2026-09-20T12:58:17.399Z] Checked if tokens are valid: true, expires at: 1789912623677
[debug] [2026-09-20T12:58:17.400Z] >>> [apiv2][query] POST https://cloudresourcemanager.googleapis.com/v1/projects/teammanager-football:testIamPermissions [none]
[debug] [2026-09-20T12:58:17.400Z] >>> [apiv2][(partial)header] POST https://cloudresourcemanager.googleapis.com/v1/projects/teammanager-football:testIamPermissions  x-goog-user-project=teammanager-football
[debug] [2026-09-20T12:58:17.400Z] >>> [apiv2][body] POST https://cloudresourcemanager.googleapis.com/v1/projects/teammanager-football:testIamPermissions {"permissions":["firebase.projects.get","firebaseextensions.instances.list"]}
[debug] [2026-09-20T12:58:17.619Z] <<< [apiv2][status] POST https://cloudresourcemanager.googleapis.com/v1/projects/teammanager-football:testIamPermissions 200
[debug] [2026-09-20T12:58:17.619Z] <<< [apiv2][body] POST https://cloudresourcemanager.googleapis.com/v1/projects/teammanager-football:testIamPermissions {"permissions":["firebase.projects.get","firebaseextensions.instances.list"]}
[debug] [2026-09-20T12:58:17.620Z] Checked if tokens are valid: true, expires at: 1789912623677
[debug] [2026-09-20T12:58:17.620Z] Checked if tokens are valid: true, expires at: 1789912623677
[debug] [2026-09-20T12:58:17.620Z] >>> [apiv2][query] GET https://firebaseextensions.googleapis.com/v1beta/projects/teammanager-football/instances pageSize=100&pageToken=
[debug] [2026-09-20T12:58:19.449Z] <<< [apiv2][status] GET https://firebaseextensions.googleapis.com/v1beta/projects/teammanager-football/instances 200
[debug] [2026-09-20T12:58:19.449Z] <<< [apiv2][body] GET https://firebaseextensions.googleapis.com/v1beta/projects/teammanager-football/instances {}
[debug] [2026-09-20T12:58:19.452Z] Attempting to merge .env secret bindings {} into declared secrets...)}
[debug] [2026-09-20T12:58:19.452Z] deleteUserAccount declared secrets: undefined
[info] i  functions: preparing functions directory for uploading... 
[info] i  functions: packaged C:\Users\Andre\Projekte\Teammanager\functions (31.66 KB) for uploading 
[info] i  functions: ensuring required API run.googleapis.com is enabled... 
[debug] [2026-09-20T12:58:19.553Z] Checked if tokens are valid: true, expires at: 1789912623677
[debug] [2026-09-20T12:58:19.553Z] Checked if tokens are valid: true, expires at: 1789912623677
[info] i  functions: ensuring required API eventarc.googleapis.com is enabled... 
[debug] [2026-09-20T12:58:19.555Z] Checked if tokens are valid: true, expires at: 1789912623677
[debug] [2026-09-20T12:58:19.555Z] Checked if tokens are valid: true, expires at: 1789912623677
[info] i  functions: ensuring required API pubsub.googleapis.com is enabled... 
[debug] [2026-09-20T12:58:19.557Z] Checked if tokens are valid: true, expires at: 1789912623677
[debug] [2026-09-20T12:58:19.557Z] Checked if tokens are valid: true, expires at: 1789912623677
[info] i  functions: ensuring required API storage.googleapis.com is enabled... 
[debug] [2026-09-20T12:58:19.559Z] Checked if tokens are valid: true, expires at: 1789912623677
[debug] [2026-09-20T12:58:19.559Z] Checked if tokens are valid: true, expires at: 1789912623677
[debug] [2026-09-20T12:58:19.560Z] >>> [apiv2][query] GET https://serviceusage.googleapis.com/v1/projects/418794589338/services/run.googleapis.com [none]
[debug] [2026-09-20T12:58:19.560Z] >>> [apiv2][(partial)header] GET https://serviceusage.googleapis.com/v1/projects/418794589338/services/run.googleapis.com  x-goog-user-project=418794589338
[debug] [2026-09-20T12:58:19.563Z] >>> [apiv2][query] GET https://serviceusage.googleapis.com/v1/projects/418794589338/services/eventarc.googleapis.com [none]
[debug] [2026-09-20T12:58:19.563Z] >>> [apiv2][(partial)header] GET https://serviceusage.googleapis.com/v1/projects/418794589338/services/eventarc.googleapis.com  x-goog-user-project=418794589338
[debug] [2026-09-20T12:58:19.565Z] >>> [apiv2][query] GET https://serviceusage.googleapis.com/v1/projects/418794589338/services/pubsub.googleapis.com [none]
[debug] [2026-09-20T12:58:19.565Z] >>> [apiv2][(partial)header] GET https://serviceusage.googleapis.com/v1/projects/418794589338/services/pubsub.googleapis.com  x-goog-user-project=418794589338
[debug] [2026-09-20T12:58:19.567Z] >>> [apiv2][query] GET https://serviceusage.googleapis.com/v1/projects/418794589338/services/storage.googleapis.com [none]
[debug] [2026-09-20T12:58:19.567Z] >>> [apiv2][(partial)header] GET https://serviceusage.googleapis.com/v1/projects/418794589338/services/storage.googleapis.com  x-goog-user-project=418794589338
[debug] [2026-09-20T12:58:20.586Z] <<< [apiv2][status] GET https://serviceusage.googleapis.com/v1/projects/418794589338/services/pubsub.googleapis.com 200
[debug] [2026-09-20T12:58:20.586Z] <<< [apiv2][body] GET https://serviceusage.googleapis.com/v1/projects/418794589338/services/pubsub.googleapis.com [omitted]
[info] +  functions: required API pubsub.googleapis.com is enabled 
[debug] [2026-09-20T12:58:20.613Z] <<< [apiv2][status] GET https://serviceusage.googleapis.com/v1/projects/418794589338/services/run.googleapis.com 200
[debug] [2026-09-20T12:58:20.613Z] <<< [apiv2][body] GET https://serviceusage.googleapis.com/v1/projects/418794589338/services/run.googleapis.com [omitted]
[info] +  functions: required API run.googleapis.com is enabled 
[debug] [2026-09-20T12:58:20.625Z] <<< [apiv2][status] GET https://serviceusage.googleapis.com/v1/projects/418794589338/services/storage.googleapis.com 200
[debug] [2026-09-20T12:58:20.629Z] <<< [apiv2][body] GET https://serviceusage.googleapis.com/v1/projects/418794589338/services/storage.googleapis.com [omitted]
[info] +  functions: required API storage.googleapis.com is enabled 
[debug] [2026-09-20T12:58:20.637Z] <<< [apiv2][status] GET https://serviceusage.googleapis.com/v1/projects/418794589338/services/eventarc.googleapis.com 200
[debug] [2026-09-20T12:58:20.637Z] <<< [apiv2][body] GET https://serviceusage.googleapis.com/v1/projects/418794589338/services/eventarc.googleapis.com [omitted]
[warn] !  functions: missing required API eventarc.googleapis.com. Enabling now... 
[debug] [2026-09-20T12:58:20.638Z] Checked if tokens are valid: true, expires at: 1789912623677
[debug] [2026-09-20T12:58:20.638Z] Checked if tokens are valid: true, expires at: 1789912623677
[debug] [2026-09-20T12:58:20.639Z] >>> [apiv2][query] POST https://serviceusage.googleapis.com/v1/projects/418794589338/services/eventarc.googleapis.com:enable [none]
[debug] [2026-09-20T12:58:20.639Z] >>> [apiv2][(partial)header] POST https://serviceusage.googleapis.com/v1/projects/418794589338/services/eventarc.googleapis.com:enable  x-goog-user-project=418794589338
[debug] [2026-09-20T12:58:21.903Z] <<< [apiv2][status] POST https://serviceusage.googleapis.com/v1/projects/418794589338/services/eventarc.googleapis.com:enable 200
[debug] [2026-09-20T12:58:21.903Z] <<< [apiv2][body] POST https://serviceusage.googleapis.com/v1/projects/418794589338/services/eventarc.googleapis.com:enable [omitted]
[info] i  functions: generating the service identity for pubsub.googleapis.com... 
[debug] [2026-09-20T12:58:31.920Z] Checked if tokens are valid: true, expires at: 1789912623677
[debug] [2026-09-20T12:58:31.921Z] Checked if tokens are valid: true, expires at: 1789912623677
[info] i  functions: generating the service identity for eventarc.googleapis.com... 
[debug] [2026-09-20T12:58:31.921Z] Checked if tokens are valid: true, expires at: 1789912623677
[debug] [2026-09-20T12:58:31.921Z] Checked if tokens are valid: true, expires at: 1789912623677
[debug] [2026-09-20T12:58:31.921Z] >>> [apiv2][query] POST https://serviceusage.googleapis.com/v1beta1/projects/418794589338/services/pubsub.googleapis.com:generateServiceIdentity [none]
[debug] [2026-09-20T12:58:31.922Z] >>> [apiv2][(partial)header] POST https://serviceusage.googleapis.com/v1beta1/projects/418794589338/services/pubsub.googleapis.com:generateServiceIdentity  x-goog-user-project=418794589338
[debug] [2026-09-20T12:58:31.922Z] >>> [apiv2][body] POST https://serviceusage.googleapis.com/v1beta1/projects/418794589338/services/pubsub.googleapis.com:generateServiceIdentity {}
[debug] [2026-09-20T12:58:31.923Z] >>> [apiv2][query] POST https://serviceusage.googleapis.com/v1beta1/projects/418794589338/services/eventarc.googleapis.com:generateServiceIdentity [none]
[debug] [2026-09-20T12:58:31.923Z] >>> [apiv2][(partial)header] POST https://serviceusage.googleapis.com/v1beta1/projects/418794589338/services/eventarc.googleapis.com:generateServiceIdentity  x-goog-user-project=418794589338
[debug] [2026-09-20T12:58:31.924Z] >>> [apiv2][body] POST https://serviceusage.googleapis.com/v1beta1/projects/418794589338/services/eventarc.googleapis.com:generateServiceIdentity {}
[debug] [2026-09-20T12:58:33.169Z] <<< [apiv2][status] POST https://serviceusage.googleapis.com/v1beta1/projects/418794589338/services/pubsub.googleapis.com:generateServiceIdentity 200
[debug] [2026-09-20T12:58:33.170Z] <<< [apiv2][body] POST https://serviceusage.googleapis.com/v1beta1/projects/418794589338/services/pubsub.googleapis.com:generateServiceIdentity {"name":"operations/finished.DONE_OPERATION","done":true,"response":{"@type":"type.googleapis.com/google.api.serviceusage.v1beta1.ServiceIdentity","email":"service-418794589338@gcp-sa-pubsub.iam.gserviceaccount.com","uniqueId":"114758925406558617609"}}
[debug] [2026-09-20T12:58:33.171Z] <<< [apiv2][status] POST https://serviceusage.googleapis.com/v1beta1/projects/418794589338/services/eventarc.googleapis.com:generateServiceIdentity 200
[debug] [2026-09-20T12:58:33.172Z] <<< [apiv2][body] POST https://serviceusage.googleapis.com/v1beta1/projects/418794589338/services/eventarc.googleapis.com:generateServiceIdentity {"name":"operations/finished.DONE_OPERATION","done":true,"response":{"@type":"type.googleapis.com/google.api.serviceusage.v1beta1.ServiceIdentity","email":"service-418794589338@gcp-sa-eventarc.iam.gserviceaccount.com","uniqueId":"107994163137130614422"}}
[debug] [2026-09-20T12:58:33.177Z] Checked if tokens are valid: true, expires at: 1789912623677
[debug] [2026-09-20T12:58:33.178Z] Checked if tokens are valid: true, expires at: 1789912623677
[debug] [2026-09-20T12:58:33.178Z] >>> [apiv2][query] GET https://serviceusage.googleapis.com/v1/projects/teammanager-football/services/cloudbilling.googleapis.com [none]
[debug] [2026-09-20T12:58:33.178Z] >>> [apiv2][(partial)header] GET https://serviceusage.googleapis.com/v1/projects/teammanager-football/services/cloudbilling.googleapis.com  x-goog-user-project=teammanager-football
[debug] [2026-09-20T12:58:33.988Z] <<< [apiv2][status] GET https://serviceusage.googleapis.com/v1/projects/teammanager-football/services/cloudbilling.googleapis.com 200
[debug] [2026-09-20T12:58:33.989Z] <<< [apiv2][body] GET https://serviceusage.googleapis.com/v1/projects/teammanager-football/services/cloudbilling.googleapis.com [omitted]
[debug] [2026-09-20T12:58:33.989Z] Checked if tokens are valid: true, expires at: 1789912623677
[debug] [2026-09-20T12:58:33.989Z] Checked if tokens are valid: true, expires at: 1789912623677
[debug] [2026-09-20T12:58:33.989Z] >>> [apiv2][query] POST https://serviceusage.googleapis.com/v1/projects/teammanager-football/services/cloudbilling.googleapis.com:enable [none]
[debug] [2026-09-20T12:58:33.990Z] >>> [apiv2][(partial)header] POST https://serviceusage.googleapis.com/v1/projects/teammanager-football/services/cloudbilling.googleapis.com:enable  x-goog-user-project=teammanager-football
[debug] [2026-09-20T12:58:35.421Z] <<< [apiv2][status] POST https://serviceusage.googleapis.com/v1/projects/teammanager-football/services/cloudbilling.googleapis.com:enable 200
[debug] [2026-09-20T12:58:35.421Z] <<< [apiv2][body] POST https://serviceusage.googleapis.com/v1/projects/teammanager-football/services/cloudbilling.googleapis.com:enable [omitted]
[debug] [2026-09-20T12:58:45.444Z] Checked if tokens are valid: true, expires at: 1789912623677
[debug] [2026-09-20T12:58:45.445Z] Checked if tokens are valid: true, expires at: 1789912623677
[debug] [2026-09-20T12:58:45.445Z] >>> [apiv2][query] GET https://cloudbilling.googleapis.com/v1/projects/teammanager-football/billingInfo [none]
[debug] [2026-09-20T12:58:45.445Z] >>> [apiv2][(partial)header] GET https://cloudbilling.googleapis.com/v1/projects/teammanager-football/billingInfo  x-goog-user-project=teammanager-football
[debug] [2026-09-20T12:58:46.174Z] <<< [apiv2][status] GET https://cloudbilling.googleapis.com/v1/projects/teammanager-football/billingInfo 200
[debug] [2026-09-20T12:58:46.174Z] <<< [apiv2][body] GET https://cloudbilling.googleapis.com/v1/projects/teammanager-football/billingInfo {"name":"projects/teammanager-football/billingInfo","projectId":"teammanager-football","billingAccountName":"billingAccounts/015260-781D72-2601D5","billingEnabled":true}
[debug] [2026-09-20T12:58:46.179Z] Checked if tokens are valid: true, expires at: 1789912623677
[debug] [2026-09-20T12:58:46.179Z] Checked if tokens are valid: true, expires at: 1789912623677
[debug] [2026-09-20T12:58:46.179Z] >>> [apiv2][query] POST https://cloudfunctions.googleapis.com/v2/projects/teammanager-football/locations/europe-west1/functions:generateUploadUrl [none]
[debug] [2026-09-20T12:58:48.528Z] <<< [apiv2][status] POST https://cloudfunctions.googleapis.com/v2/projects/teammanager-football/locations/europe-west1/functions:generateUploadUrl 200
[debug] [2026-09-20T12:58:48.528Z] <<< [apiv2][body] POST https://cloudfunctions.googleapis.com/v2/projects/teammanager-football/locations/europe-west1/functions:generateUploadUrl {"uploadUrl":"https://storage.googleapis.com/gcf-v2-uploads-418794589338.europe-west1.cloudfunctions.appspot.com/aac7ea3f-2441-49b1-bfc2-fa95ba8866f0.zip?GoogleAccessId=service-418794589338@gcf-admin-robot.iam.gserviceaccount.com&Expires=1789910928&Signature=B2R8TtA3TRalgY8LBSlu%2FhPtExnsWV92v32uJpoCwfgPT9Z8hHu0yXZZldEpbQUpCd5ayH4twrUzwSeCF9AO3ESDT%2BXLhlktGkMl4QcgEGVPNAuFTh2s2WiR00K54phOgdqWLdftQX8zgsCOUd56rXkZBlwVKVWdJ9ZVsBzpMCm0aXfg8hS0QmsucLxVRbZ2rOUj7bmKtTauPzFo%2FiGdk2fsuHy49aZtxdYHIc%2FQKYt28ni3qKLZRO%2FrH%2Bk2WGEIErSY3fxZPe8cep0OIS3itr8Ax0VqKXrg%2FhR6ojL9pw%2BcoA3l3AjJudzpywX4v%2FBPWkDuxuOtJxcjQS5E%2Fw%2FKqA%3D%3D","storageSource":{"bucket":"gcf-v2-uploads-418794589338.europe-west1.cloudfunctions.appspot.com","object":"aac7ea3f-2441-49b1-bfc2-fa95ba8866f0.zip"}}
[debug] [2026-09-20T12:58:48.530Z] >>> [apiv2][query] PUT https://storage.googleapis.com/gcf-v2-uploads-418794589338.europe-west1.cloudfunctions.appspot.com/aac7ea3f-2441-49b1-bfc2-fa95ba8866f0.zip GoogleAccessId=service-418794589338%40gcf-admin-robot.iam.gserviceaccount.com&Expires=1789910928&Signature=B2R8TtA3TRalgY8LBSlu%2FhPtExnsWV92v32uJpoCwfgPT9Z8hHu0yXZZldEpbQUpCd5ayH4twrUzwSeCF9AO3ESDT%2BXLhlktGkMl4QcgEGVPNAuFTh2s2WiR00K54phOgdqWLdftQX8zgsCOUd56rXkZBlwVKVWdJ9ZVsBzpMCm0aXfg8hS0QmsucLxVRbZ2rOUj7bmKtTauPzFo%2FiGdk2fsuHy49aZtxdYHIc%2FQKYt28ni3qKLZRO%2FrH%2Bk2WGEIErSY3fxZPe8cep0OIS3itr8Ax0VqKXrg%2FhR6ojL9pw%2BcoA3l3AjJudzpywX4v%2FBPWkDuxuOtJxcjQS5E%2Fw%2FKqA%3D%3D
[debug] [2026-09-20T12:58:48.530Z] >>> [apiv2][body] PUT https://storage.googleapis.com/gcf-v2-uploads-418794589338.europe-west1.cloudfunctions.appspot.com/aac7ea3f-2441-49b1-bfc2-fa95ba8866f0.zip [stream]
[debug] [2026-09-20T12:58:48.935Z] <<< [apiv2][status] PUT https://storage.googleapis.com/gcf-v2-uploads-418794589338.europe-west1.cloudfunctions.appspot.com/aac7ea3f-2441-49b1-bfc2-fa95ba8866f0.zip 200
[debug] [2026-09-20T12:58:48.936Z] <<< [apiv2][body] PUT https://storage.googleapis.com/gcf-v2-uploads-418794589338.europe-west1.cloudfunctions.appspot.com/aac7ea3f-2441-49b1-bfc2-fa95ba8866f0.zip [omitted]
[info] +  functions: functions source uploaded successfully 
[info] i  functions: creating Node.js 20 (2nd Gen) function deleteUserAccount(europe-west1)... 
[debug] [2026-09-20T12:58:48.946Z] Checked if tokens are valid: true, expires at: 1789912623677
[debug] [2026-09-20T12:58:48.946Z] Checked if tokens are valid: true, expires at: 1789912623677
[debug] [2026-09-20T12:58:48.947Z] >>> [apiv2][query] POST https://cloudfunctions.googleapis.com/v2/projects/teammanager-football/locations/europe-west1/functions functionId=deleteUserAccount
[debug] [2026-09-20T12:58:48.947Z] >>> [apiv2][body] POST https://cloudfunctions.googleapis.com/v2/projects/teammanager-football/locations/europe-west1/functions {"name":"projects/teammanager-football/locations/europe-west1/functions/deleteUserAccount","buildConfig":{"runtime":"nodejs20","entryPoint":"deleteUserAccount","source":{"storageSource":{"bucket":"gcf-v2-uploads-418794589338.europe-west1.cloudfunctions.appspot.com","object":"aac7ea3f-2441-49b1-bfc2-fa95ba8866f0.zip"}},"environmentVariables":{"GOOGLE_NODE_RUN_SCRIPTS":""}},"serviceConfig":{"environmentVariables":{"FIREBASE_CONFIG":"{\"projectId\":\"teammanager-football\",\"storageBucket\":\"teammanager-football.firebasestorage.app\"}","GCLOUD_PROJECT":"teammanager-football","EVENTARC_CLOUD_EVENT_SOURCE":"projects/teammanager-football/locations/europe-west1/services/deleteUserAccount","FUNCTION_REGION":"europe-west1","FUNCTION_TARGET":"deleteUserAccount","LOG_EXECUTION_ID":"true"},"ingressSettings":null,"timeoutSeconds":null,"serviceAccountEmail":null,"availableMemory":"256Mi","minInstanceCount":null,"maxInstanceCount":null,"maxInstanceRequestConcurrency":80,"availableCpu":"1","vpcConnector":null,"vpcConnectorEgressSettings":null,"directVpcNetworkInterface":null,"directVpcEgress":null},"labels":{"deployment-tool":"cli-firebase","deployment-callable":"true","firebase-functions-hash":"1bfd6e25699a1efe8d7ff879f3eb8ea2e00a5eb8"}}
[debug] [2026-09-20T12:58:52.418Z] <<< [apiv2][status] POST https://cloudfunctions.googleapis.com/v2/projects/teammanager-football/locations/europe-west1/functions 200
[debug] [2026-09-20T12:58:52.418Z] <<< [apiv2][body] POST https://cloudfunctions.googleapis.com/v2/projects/teammanager-football/locations/europe-west1/functions {"name":"projects/teammanager-football/locations/europe-west1/operations/operation-1789909129071-65be9b1d18cc3-4c6e2f08-8180be10","metadata":{"@type":"type.googleapis.com/google.cloud.functions.v2.OperationMetadata","createTime":"2026-09-20T12:58:52.395923935Z","target":"projects/teammanager-football/locations/europe-west1/functions/deleteUserAccount","verb":"create","cancelRequested":false,"apiVersion":"v2"},"done":false}
[debug] [2026-09-20T12:58:52.420Z] Checked if tokens are valid: true, expires at: 1789912623677
[debug] [2026-09-20T12:58:52.420Z] Checked if tokens are valid: true, expires at: 1789912623677
[debug] [2026-09-20T12:58:52.421Z] >>> [apiv2][query] GET https://cloudfunctions.googleapis.com/v2/projects/teammanager-football/locations/europe-west1/operations/operation-1789909129071-65be9b1d18cc3-4c6e2f08-8180be10 [none]
[debug] [2026-09-20T12:58:52.531Z] <<< [apiv2][status] GET https://cloudfunctions.googleapis.com/v2/projects/teammanager-football/locations/europe-west1/operations/operation-1789909129071-65be9b1d18cc3-4c6e2f08-8180be10 200
[debug] [2026-09-20T12:58:52.532Z] <<< [apiv2][body] GET https://cloudfunctions.googleapis.com/v2/projects/teammanager-football/locations/europe-west1/operations/operation-1789909129071-65be9b1d18cc3-4c6e2f08-8180be10 {"name":"projects/teammanager-football/locations/europe-west1/operations/operation-1789909129071-65be9b1d18cc3-4c6e2f08-8180be10","metadata":{"@type":"type.googleapis.com/google.cloud.functions.v2.OperationMetadata","createTime":"2026-09-20T12:58:52.395923935Z","target":"projects/teammanager-football/locations/europe-west1/functions/deleteUserAccount","verb":"create","cancelRequested":false,"apiVersion":"v2","requestResource":{"@type":"type.googleapis.com/google.cloud.functions.v2.Function","name":"projects/teammanager-football/locations/europe-west1/functions/deleteUserAccount","buildConfig":{"runtime":"nodejs20","entryPoint":"deleteUserAccount","source":{"storageSource":{"bucket":"gcf-v2-sources-418794589338-europe-west1","object":"deleteUserAccount/function-source.zip","generation":"1789909131083349"}},"environmentVariables":{"GOOGLE_NODE_RUN_SCRIPTS":""},"serviceAccount":"projects/teammanager-football/serviceAccounts/418794589338-compute@developer.gserviceaccount.com","automaticUpdatePolicy":{}},"serviceConfig":{"service":"projects/teammanager-football/locations/europe-west1/services/deleteuseraccount","timeoutSeconds":60,"environmentVariables":{"FIREBASE_CONFIG":"{\"projectId\":\"teammanager-football\",\"storageBucket\":\"teammanager-football.firebasestorage.app\"}","GCLOUD_PROJECT":"teammanager-football","EVENTARC_CLOUD_EVENT_SOURCE":"projects/teammanager-football/locations/europe-west1/services/deleteUserAccount","FUNCTION_REGION":"europe-west1","FUNCTION_TARGET":"deleteUserAccount","LOG_EXECUTION_ID":"true"},"ingressSettings":"ALLOW_ALL","serviceAccountEmail":"418794589338-compute@developer.gserviceaccount.com","availableMemory":"256Mi","maxInstanceRequestConcurrency":80,"availableCpu":"1"},"labels":{"deployment-tool":"cli-firebase","deployment-callable":"true","firebase-functions-hash":"1bfd6e25699a1efe8d7ff879f3eb8ea2e00a5eb8"},"environment":"GEN_2"},"stages":[{"name":"BUILD","state":"NOT_STARTED","stateMessages":[{"severity":"WARNING","type":"BuildAnalysisWarning","message":"Node.js 20 is no longer supported by the Node.js community as of 30 April, 2026. Node.js 20 will be decommissioned on 2026-10-30. As of 2026-10-30 you will no longer be able to deploy your Cloud Functions using nodejs20. We recommend you to upgrade to the latest version of Node.js as soon as possible."}]},{"name":"SERVICE","state":"NOT_STARTED"}],"operationType":"CREATE_FUNCTION"},"done":false}
[debug] [2026-09-20T12:58:53.034Z] [create-default-europe-west1-deleteUserAccount] Retrying task index 0
[debug] [2026-09-20T12:58:53.035Z] Checked if tokens are valid: true, expires at: 1789912623677
[debug] [2026-09-20T12:58:53.035Z] Checked if tokens are valid: true, expires at: 1789912623677
[debug] [2026-09-20T12:58:53.035Z] >>> [apiv2][query] GET https://cloudfunctions.googleapis.com/v2/projects/teammanager-football/locations/europe-west1/operations/operation-1789909129071-65be9b1d18cc3-4c6e2f08-8180be10 [none]
[debug] [2026-09-20T12:58:53.156Z] <<< [apiv2][status] GET https://cloudfunctions.googleapis.com/v2/projects/teammanager-football/locations/europe-west1/operations/operation-1789909129071-65be9b1d18cc3-4c6e2f08-8180be10 200
[debug] [2026-09-20T12:58:53.156Z] <<< [apiv2][body] GET https://cloudfunctions.googleapis.com/v2/projects/teammanager-football/locations/europe-west1/operations/operation-1789909129071-65be9b1d18cc3-4c6e2f08-8180be10 {"name":"projects/teammanager-football/locations/europe-west1/operations/operation-1789909129071-65be9b1d18cc3-4c6e2f08-8180be10","metadata":{"@type":"type.googleapis.com/google.cloud.functions.v2.OperationMetadata","createTime":"2026-09-20T12:58:52.395923935Z","target":"projects/teammanager-football/locations/europe-west1/functions/deleteUserAccount","verb":"create","cancelRequested":false,"apiVersion":"v2","requestResource":{"@type":"type.googleapis.com/google.cloud.functions.v2.Function","name":"projects/teammanager-football/locations/europe-west1/functions/deleteUserAccount","buildConfig":{"runtime":"nodejs20","entryPoint":"deleteUserAccount","source":{"storageSource":{"bucket":"gcf-v2-sources-418794589338-europe-west1","object":"deleteUserAccount/function-source.zip","generation":"1789909131083349"}},"environmentVariables":{"GOOGLE_NODE_RUN_SCRIPTS":""},"serviceAccount":"projects/teammanager-football/serviceAccounts/418794589338-compute@developer.gserviceaccount.com","automaticUpdatePolicy":{}},"serviceConfig":{"service":"projects/teammanager-football/locations/europe-west1/services/deleteuseraccount","timeoutSeconds":60,"environmentVariables":{"FIREBASE_CONFIG":"{\"projectId\":\"teammanager-football\",\"storageBucket\":\"teammanager-football.firebasestorage.app\"}","GCLOUD_PROJECT":"teammanager-football","EVENTARC_CLOUD_EVENT_SOURCE":"projects/teammanager-football/locations/europe-west1/services/deleteUserAccount","FUNCTION_REGION":"europe-west1","FUNCTION_TARGET":"deleteUserAccount","LOG_EXECUTION_ID":"true"},"ingressSettings":"ALLOW_ALL","serviceAccountEmail":"418794589338-compute@developer.gserviceaccount.com","availableMemory":"256Mi","maxInstanceRequestConcurrency":80,"availableCpu":"1"},"labels":{"deployment-tool":"cli-firebase","deployment-callable":"true","firebase-functions-hash":"1bfd6e25699a1efe8d7ff879f3eb8ea2e00a5eb8"},"environment":"GEN_2"},"stages":[{"name":"BUILD","state":"NOT_STARTED","stateMessages":[{"severity":"WARNING","type":"BuildAnalysisWarning","message":"Node.js 20 is no longer supported by the Node.js community as of 30 April, 2026. Node.js 20 will be decommissioned on 2026-10-30. As of 2026-10-30 you will no longer be able to deploy your Cloud Functions using nodejs20. We recommend you to upgrade to the latest version of Node.js as soon as possible."}]},{"name":"SERVICE","state":"NOT_STARTED"}],"operationType":"CREATE_FUNCTION"},"done":false}
[debug] [2026-09-20T12:58:54.165Z] [create-default-europe-west1-deleteUserAccount] Retrying task index 0
[debug] [2026-09-20T12:58:54.165Z] Checked if tokens are valid: true, expires at: 1789912623677
[debug] [2026-09-20T12:58:54.165Z] Checked if tokens are valid: true, expires at: 1789912623677
[debug] [2026-09-20T12:58:54.166Z] >>> [apiv2][query] GET https://cloudfunctions.googleapis.com/v2/projects/teammanager-football/locations/europe-west1/operations/operation-1789909129071-65be9b1d18cc3-4c6e2f08-8180be10 [none]
[debug] [2026-09-20T12:58:54.252Z] <<< [apiv2][status] GET https://cloudfunctions.googleapis.com/v2/projects/teammanager-football/locations/europe-west1/operations/operation-1789909129071-65be9b1d18cc3-4c6e2f08-8180be10 200
[debug] [2026-09-20T12:58:54.253Z] <<< [apiv2][body] GET https://cloudfunctions.googleapis.com/v2/projects/teammanager-football/locations/europe-west1/operations/operation-1789909129071-65be9b1d18cc3-4c6e2f08-8180be10 {"name":"projects/teammanager-football/locations/europe-west1/operations/operation-1789909129071-65be9b1d18cc3-4c6e2f08-8180be10","metadata":{"@type":"type.googleapis.com/google.cloud.functions.v2.OperationMetadata","createTime":"2026-09-20T12:58:52.395923935Z","target":"projects/teammanager-football/locations/europe-west1/functions/deleteUserAccount","verb":"create","cancelRequested":false,"apiVersion":"v2","requestResource":{"@type":"type.googleapis.com/google.cloud.functions.v2.Function","name":"projects/teammanager-football/locations/europe-west1/functions/deleteUserAccount","buildConfig":{"runtime":"nodejs20","entryPoint":"deleteUserAccount","source":{"storageSource":{"bucket":"gcf-v2-sources-418794589338-europe-west1","object":"deleteUserAccount/function-source.zip","generation":"1789909131083349"}},"environmentVariables":{"GOOGLE_NODE_RUN_SCRIPTS":""},"serviceAccount":"projects/teammanager-football/serviceAccounts/418794589338-compute@developer.gserviceaccount.com","automaticUpdatePolicy":{}},"serviceConfig":{"service":"projects/teammanager-football/locations/europe-west1/services/deleteuseraccount","timeoutSeconds":60,"environmentVariables":{"FIREBASE_CONFIG":"{\"projectId\":\"teammanager-football\",\"storageBucket\":\"teammanager-football.firebasestorage.app\"}","GCLOUD_PROJECT":"teammanager-football","EVENTARC_CLOUD_EVENT_SOURCE":"projects/teammanager-football/locations/europe-west1/services/deleteUserAccount","FUNCTION_REGION":"europe-west1","FUNCTION_TARGET":"deleteUserAccount","LOG_EXECUTION_ID":"true"},"ingressSettings":"ALLOW_ALL","serviceAccountEmail":"418794589338-compute@developer.gserviceaccount.com","availableMemory":"256Mi","maxInstanceRequestConcurrency":80,"availableCpu":"1"},"labels":{"deployment-tool":"cli-firebase","deployment-callable":"true","firebase-functions-hash":"1bfd6e25699a1efe8d7ff879f3eb8ea2e00a5eb8"},"environment":"GEN_2"},"stages":[{"name":"BUILD","state":"NOT_STARTED","stateMessages":[{"severity":"WARNING","type":"BuildAnalysisWarning","message":"Node.js 20 is no longer supported by the Node.js community as of 30 April, 2026. Node.js 20 will be decommissioned on 2026-10-30. As of 2026-10-30 you will no longer be able to deploy your Cloud Functions using nodejs20. We recommend you to upgrade to the latest version of Node.js as soon as possible."}]},{"name":"SERVICE","state":"NOT_STARTED"}],"operationType":"CREATE_FUNCTION"},"done":false}
[debug] [2026-09-20T12:58:56.258Z] [create-default-europe-west1-deleteUserAccount] Retrying task index 0
[debug] [2026-09-20T12:58:56.258Z] Checked if tokens are valid: true, expires at: 1789912623677
[debug] [2026-09-20T12:58:56.258Z] Checked if tokens are valid: true, expires at: 1789912623677
[debug] [2026-09-20T12:58:56.258Z] >>> [apiv2][query] GET https://cloudfunctions.googleapis.com/v2/projects/teammanager-football/locations/europe-west1/operations/operation-1789909129071-65be9b1d18cc3-4c6e2f08-8180be10 [none]
[debug] [2026-09-20T12:58:56.341Z] <<< [apiv2][status] GET https://cloudfunctions.googleapis.com/v2/projects/teammanager-football/locations/europe-west1/operations/operation-1789909129071-65be9b1d18cc3-4c6e2f08-8180be10 200
[debug] [2026-09-20T12:58:56.341Z] <<< [apiv2][body] GET https://cloudfunctions.googleapis.com/v2/projects/teammanager-football/locations/europe-west1/operations/operation-1789909129071-65be9b1d18cc3-4c6e2f08-8180be10 {"name":"projects/teammanager-football/locations/europe-west1/operations/operation-1789909129071-65be9b1d18cc3-4c6e2f08-8180be10","metadata":{"@type":"type.googleapis.com/google.cloud.functions.v2.OperationMetadata","createTime":"2026-09-20T12:58:52.395923935Z","target":"projects/teammanager-football/locations/europe-west1/functions/deleteUserAccount","verb":"create","cancelRequested":false,"apiVersion":"v2","requestResource":{"@type":"type.googleapis.com/google.cloud.functions.v2.Function","name":"projects/teammanager-football/locations/europe-west1/functions/deleteUserAccount","buildConfig":{"runtime":"nodejs20","entryPoint":"deleteUserAccount","source":{"storageSource":{"bucket":"gcf-v2-sources-418794589338-europe-west1","object":"deleteUserAccount/function-source.zip","generation":"1789909131083349"}},"environmentVariables":{"GOOGLE_NODE_RUN_SCRIPTS":""},"serviceAccount":"projects/teammanager-football/serviceAccounts/418794589338-compute@developer.gserviceaccount.com","automaticUpdatePolicy":{}},"serviceConfig":{"service":"projects/teammanager-football/locations/europe-west1/services/deleteuseraccount","timeoutSeconds":60,"environmentVariables":{"FIREBASE_CONFIG":"{\"projectId\":\"teammanager-football\",\"storageBucket\":\"teammanager-football.firebasestorage.app\"}","GCLOUD_PROJECT":"teammanager-football","EVENTARC_CLOUD_EVENT_SOURCE":"projects/teammanager-football/locations/europe-west1/services/deleteUserAccount","FUNCTION_REGION":"europe-west1","FUNCTION_TARGET":"deleteUserAccount","LOG_EXECUTION_ID":"true"},"ingressSettings":"ALLOW_ALL","serviceAccountEmail":"418794589338-compute@developer.gserviceaccount.com","availableMemory":"256Mi","maxInstanceRequestConcurrency":80,"availableCpu":"1"},"labels":{"deployment-tool":"cli-firebase","deployment-callable":"true","firebase-functions-hash":"1bfd6e25699a1efe8d7ff879f3eb8ea2e00a5eb8"},"environment":"GEN_2"},"stages":[{"name":"BUILD","state":"NOT_STARTED","stateMessages":[{"severity":"WARNING","type":"BuildAnalysisWarning","message":"Node.js 20 is no longer supported by the Node.js community as of 30 April, 2026. Node.js 20 will be decommissioned on 2026-10-30. As of 2026-10-30 you will no longer be able to deploy your Cloud Functions using nodejs20. We recommend you to upgrade to the latest version of Node.js as soon as possible."}]},{"name":"SERVICE","state":"NOT_STARTED"}],"operationType":"CREATE_FUNCTION"},"done":false}
[debug] [2026-09-20T12:59:00.349Z] [create-default-europe-west1-deleteUserAccount] Retrying task index 0
[debug] [2026-09-20T12:59:00.350Z] Checked if tokens are valid: true, expires at: 1789912623677
[debug] [2026-09-20T12:59:00.350Z] Checked if tokens are valid: true, expires at: 1789912623677
[debug] [2026-09-20T12:59:00.350Z] >>> [apiv2][query] GET https://cloudfunctions.googleapis.com/v2/projects/teammanager-football/locations/europe-west1/operations/operation-1789909129071-65be9b1d18cc3-4c6e2f08-8180be10 [none]
[debug] [2026-09-20T12:59:00.494Z] <<< [apiv2][status] GET https://cloudfunctions.googleapis.com/v2/projects/teammanager-football/locations/europe-west1/operations/operation-1789909129071-65be9b1d18cc3-4c6e2f08-8180be10 200
[debug] [2026-09-20T12:59:00.494Z] <<< [apiv2][body] GET https://cloudfunctions.googleapis.com/v2/projects/teammanager-football/locations/europe-west1/operations/operation-1789909129071-65be9b1d18cc3-4c6e2f08-8180be10 {"name":"projects/teammanager-football/locations/europe-west1/operations/operation-1789909129071-65be9b1d18cc3-4c6e2f08-8180be10","metadata":{"@type":"type.googleapis.com/google.cloud.functions.v2.OperationMetadata","createTime":"2026-09-20T12:58:52.395923935Z","target":"projects/teammanager-football/locations/europe-west1/functions/deleteUserAccount","verb":"create","cancelRequested":false,"apiVersion":"v2","requestResource":{"@type":"type.googleapis.com/google.cloud.functions.v2.Function","name":"projects/teammanager-football/locations/europe-west1/functions/deleteUserAccount","buildConfig":{"runtime":"nodejs20","entryPoint":"deleteUserAccount","source":{"storageSource":{"bucket":"gcf-v2-sources-418794589338-europe-west1","object":"deleteUserAccount/function-source.zip","generation":"1789909131083349"}},"environmentVariables":{"GOOGLE_NODE_RUN_SCRIPTS":""},"serviceAccount":"projects/teammanager-football/serviceAccounts/418794589338-compute@developer.gserviceaccount.com","automaticUpdatePolicy":{}},"serviceConfig":{"service":"projects/teammanager-football/locations/europe-west1/services/deleteuseraccount","timeoutSeconds":60,"environmentVariables":{"FIREBASE_CONFIG":"{\"projectId\":\"teammanager-football\",\"storageBucket\":\"teammanager-football.firebasestorage.app\"}","GCLOUD_PROJECT":"teammanager-football","EVENTARC_CLOUD_EVENT_SOURCE":"projects/teammanager-football/locations/europe-west1/services/deleteUserAccount","FUNCTION_REGION":"europe-west1","FUNCTION_TARGET":"deleteUserAccount","LOG_EXECUTION_ID":"true"},"ingressSettings":"ALLOW_ALL","serviceAccountEmail":"418794589338-compute@developer.gserviceaccount.com","availableMemory":"256Mi","maxInstanceRequestConcurrency":80,"availableCpu":"1"},"labels":{"deployment-tool":"cli-firebase","deployment-callable":"true","firebase-functions-hash":"1bfd6e25699a1efe8d7ff879f3eb8ea2e00a5eb8"},"environment":"GEN_2"},"stages":[{"name":"BUILD","state":"NOT_STARTED","stateMessages":[{"severity":"WARNING","type":"BuildAnalysisWarning","message":"Node.js 20 is no longer supported by the Node.js community as of 30 April, 2026. Node.js 20 will be decommissioned on 2026-10-30. As of 2026-10-30 you will no longer be able to deploy your Cloud Functions using nodejs20. We recommend you to upgrade to the latest version of Node.js as soon as possible."}]},{"name":"SERVICE","state":"NOT_STARTED"}],"operationType":"CREATE_FUNCTION"},"done":false}
[debug] [2026-09-20T12:59:08.507Z] [create-default-europe-west1-deleteUserAccount] Retrying task index 0
[debug] [2026-09-20T12:59:08.507Z] Checked if tokens are valid: true, expires at: 1789912623677
[debug] [2026-09-20T12:59:08.508Z] Checked if tokens are valid: true, expires at: 1789912623677
[debug] [2026-09-20T12:59:08.508Z] >>> [apiv2][query] GET https://cloudfunctions.googleapis.com/v2/projects/teammanager-football/locations/europe-west1/operations/operation-1789909129071-65be9b1d18cc3-4c6e2f08-8180be10 [none]
[debug] [2026-09-20T12:59:08.679Z] <<< [apiv2][status] GET https://cloudfunctions.googleapis.com/v2/projects/teammanager-football/locations/europe-west1/operations/operation-1789909129071-65be9b1d18cc3-4c6e2f08-8180be10 200
[debug] [2026-09-20T12:59:08.680Z] <<< [apiv2][body] GET https://cloudfunctions.googleapis.com/v2/projects/teammanager-football/locations/europe-west1/operations/operation-1789909129071-65be9b1d18cc3-4c6e2f08-8180be10 {"name":"projects/teammanager-football/locations/europe-west1/operations/operation-1789909129071-65be9b1d18cc3-4c6e2f08-8180be10","metadata":{"@type":"type.googleapis.com/google.cloud.functions.v2.OperationMetadata","createTime":"2026-09-20T12:58:52.395923935Z","target":"projects/teammanager-football/locations/europe-west1/functions/deleteUserAccount","verb":"create","cancelRequested":false,"apiVersion":"v2","requestResource":{"@type":"type.googleapis.com/google.cloud.functions.v2.Function","name":"projects/teammanager-football/locations/europe-west1/functions/deleteUserAccount","buildConfig":{"runtime":"nodejs20","entryPoint":"deleteUserAccount","source":{"storageSource":{"bucket":"gcf-v2-sources-418794589338-europe-west1","object":"deleteUserAccount/function-source.zip","generation":"1789909131083349"}},"environmentVariables":{"GOOGLE_NODE_RUN_SCRIPTS":""},"serviceAccount":"projects/teammanager-football/serviceAccounts/418794589338-compute@developer.gserviceaccount.com","automaticUpdatePolicy":{}},"serviceConfig":{"service":"projects/teammanager-football/locations/europe-west1/services/deleteuseraccount","timeoutSeconds":60,"environmentVariables":{"FIREBASE_CONFIG":"{\"projectId\":\"teammanager-football\",\"storageBucket\":\"teammanager-football.firebasestorage.app\"}","GCLOUD_PROJECT":"teammanager-football","EVENTARC_CLOUD_EVENT_SOURCE":"projects/teammanager-football/locations/europe-west1/services/deleteUserAccount","FUNCTION_REGION":"europe-west1","FUNCTION_TARGET":"deleteUserAccount","LOG_EXECUTION_ID":"true"},"ingressSettings":"ALLOW_ALL","serviceAccountEmail":"418794589338-compute@developer.gserviceaccount.com","availableMemory":"256Mi","maxInstanceRequestConcurrency":80,"availableCpu":"1"},"labels":{"deployment-tool":"cli-firebase","deployment-callable":"true","firebase-functions-hash":"1bfd6e25699a1efe8d7ff879f3eb8ea2e00a5eb8"},"environment":"GEN_2"},"stages":[{"name":"BUILD","state":"NOT_STARTED","stateMessages":[{"severity":"WARNING","type":"BuildAnalysisWarning","message":"Node.js 20 is no longer supported by the Node.js community as of 30 April, 2026. Node.js 20 will be decommissioned on 2026-10-30. As of 2026-10-30 you will no longer be able to deploy your Cloud Functions using nodejs20. We recommend you to upgrade to the latest version of Node.js as soon as possible."}]},{"name":"SERVICE","state":"NOT_STARTED"}],"operationType":"CREATE_FUNCTION"},"done":false}
[debug] [2026-09-20T12:59:18.686Z] [create-default-europe-west1-deleteUserAccount] Retrying task index 0
[debug] [2026-09-20T12:59:18.687Z] Checked if tokens are valid: true, expires at: 1789912623677
[debug] [2026-09-20T12:59:18.687Z] Checked if tokens are valid: true, expires at: 1789912623677
[debug] [2026-09-20T12:59:18.687Z] >>> [apiv2][query] GET https://cloudfunctions.googleapis.com/v2/projects/teammanager-football/locations/europe-west1/operations/operation-1789909129071-65be9b1d18cc3-4c6e2f08-8180be10 [none]
[debug] [2026-09-20T12:59:18.844Z] <<< [apiv2][status] GET https://cloudfunctions.googleapis.com/v2/projects/teammanager-football/locations/europe-west1/operations/operation-1789909129071-65be9b1d18cc3-4c6e2f08-8180be10 200
[debug] [2026-09-20T12:59:18.844Z] <<< [apiv2][body] GET https://cloudfunctions.googleapis.com/v2/projects/teammanager-football/locations/europe-west1/operations/operation-1789909129071-65be9b1d18cc3-4c6e2f08-8180be10 {"name":"projects/teammanager-football/locations/europe-west1/operations/operation-1789909129071-65be9b1d18cc3-4c6e2f08-8180be10","metadata":{"@type":"type.googleapis.com/google.cloud.functions.v2.OperationMetadata","createTime":"2026-09-20T12:58:52.395923935Z","target":"projects/teammanager-football/locations/europe-west1/functions/deleteUserAccount","verb":"create","cancelRequested":false,"apiVersion":"v2","requestResource":{"@type":"type.googleapis.com/google.cloud.functions.v2.Function","name":"projects/teammanager-football/locations/europe-west1/functions/deleteUserAccount","buildConfig":{"runtime":"nodejs20","entryPoint":"deleteUserAccount","source":{"storageSource":{"bucket":"gcf-v2-sources-418794589338-europe-west1","object":"deleteUserAccount/function-source.zip","generation":"1789909131083349"}},"environmentVariables":{"GOOGLE_NODE_RUN_SCRIPTS":""},"serviceAccount":"projects/teammanager-football/serviceAccounts/418794589338-compute@developer.gserviceaccount.com","automaticUpdatePolicy":{}},"serviceConfig":{"service":"projects/teammanager-football/locations/europe-west1/services/deleteuseraccount","timeoutSeconds":60,"environmentVariables":{"FIREBASE_CONFIG":"{\"projectId\":\"teammanager-football\",\"storageBucket\":\"teammanager-football.firebasestorage.app\"}","GCLOUD_PROJECT":"teammanager-football","EVENTARC_CLOUD_EVENT_SOURCE":"projects/teammanager-football/locations/europe-west1/services/deleteUserAccount","FUNCTION_REGION":"europe-west1","FUNCTION_TARGET":"deleteUserAccount","LOG_EXECUTION_ID":"true"},"ingressSettings":"ALLOW_ALL","serviceAccountEmail":"418794589338-compute@developer.gserviceaccount.com","availableMemory":"256Mi","maxInstanceRequestConcurrency":80,"availableCpu":"1"},"labels":{"deployment-tool":"cli-firebase","deployment-callable":"true","firebase-functions-hash":"1bfd6e25699a1efe8d7ff879f3eb8ea2e00a5eb8"},"environment":"GEN_2"},"stages":[{"name":"BUILD","state":"NOT_STARTED","stateMessages":[{"severity":"WARNING","type":"BuildAnalysisWarning","message":"Node.js 20 is no longer supported by the Node.js community as of 30 April, 2026. Node.js 20 will be decommissioned on 2026-10-30. As of 2026-10-30 you will no longer be able to deploy your Cloud Functions using nodejs20. We recommend you to upgrade to the latest version of Node.js as soon as possible."}]},{"name":"SERVICE","state":"NOT_STARTED"}],"operationType":"CREATE_FUNCTION"},"done":false}
[debug] [2026-09-20T12:59:28.847Z] [create-default-europe-west1-deleteUserAccount] Retrying task index 0
[debug] [2026-09-20T12:59:28.848Z] Checked if tokens are valid: true, expires at: 1789912623677
[debug] [2026-09-20T12:59:28.848Z] Checked if tokens are valid: true, expires at: 1789912623677
[debug] [2026-09-20T12:59:28.848Z] >>> [apiv2][query] GET https://cloudfunctions.googleapis.com/v2/projects/teammanager-football/locations/europe-west1/operations/operation-1789909129071-65be9b1d18cc3-4c6e2f08-8180be10 [none]
[debug] [2026-09-20T12:59:29.026Z] <<< [apiv2][status] GET https://cloudfunctions.googleapis.com/v2/projects/teammanager-football/locations/europe-west1/operations/operation-1789909129071-65be9b1d18cc3-4c6e2f08-8180be10 200
[debug] [2026-09-20T12:59:29.026Z] <<< [apiv2][body] GET https://cloudfunctions.googleapis.com/v2/projects/teammanager-football/locations/europe-west1/operations/operation-1789909129071-65be9b1d18cc3-4c6e2f08-8180be10 {"name":"projects/teammanager-football/locations/europe-west1/operations/operation-1789909129071-65be9b1d18cc3-4c6e2f08-8180be10","metadata":{"@type":"type.googleapis.com/google.cloud.functions.v2.OperationMetadata","createTime":"2026-09-20T12:58:52.395923935Z","target":"projects/teammanager-football/locations/europe-west1/functions/deleteUserAccount","verb":"create","cancelRequested":false,"apiVersion":"v2","requestResource":{"@type":"type.googleapis.com/google.cloud.functions.v2.Function","name":"projects/teammanager-football/locations/europe-west1/functions/deleteUserAccount","buildConfig":{"runtime":"nodejs20","entryPoint":"deleteUserAccount","source":{"storageSource":{"bucket":"gcf-v2-sources-418794589338-europe-west1","object":"deleteUserAccount/function-source.zip","generation":"1789909131083349"}},"environmentVariables":{"GOOGLE_NODE_RUN_SCRIPTS":""},"serviceAccount":"projects/teammanager-football/serviceAccounts/418794589338-compute@developer.gserviceaccount.com","automaticUpdatePolicy":{}},"serviceConfig":{"service":"projects/teammanager-football/locations/europe-west1/services/deleteuseraccount","timeoutSeconds":60,"environmentVariables":{"FIREBASE_CONFIG":"{\"projectId\":\"teammanager-football\",\"storageBucket\":\"teammanager-football.firebasestorage.app\"}","GCLOUD_PROJECT":"teammanager-football","EVENTARC_CLOUD_EVENT_SOURCE":"projects/teammanager-football/locations/europe-west1/services/deleteUserAccount","FUNCTION_REGION":"europe-west1","FUNCTION_TARGET":"deleteUserAccount","LOG_EXECUTION_ID":"true"},"ingressSettings":"ALLOW_ALL","serviceAccountEmail":"418794589338-compute@developer.gserviceaccount.com","availableMemory":"256Mi","maxInstanceRequestConcurrency":80,"availableCpu":"1"},"labels":{"deployment-tool":"cli-firebase","deployment-callable":"true","firebase-functions-hash":"1bfd6e25699a1efe8d7ff879f3eb8ea2e00a5eb8"},"environment":"GEN_2"},"stages":[{"name":"BUILD","state":"NOT_STARTED","stateMessages":[{"severity":"WARNING","type":"BuildAnalysisWarning","message":"Node.js 20 is no longer supported by the Node.js community as of 30 April, 2026. Node.js 20 will be decommissioned on 2026-10-30. As of 2026-10-30 you will no longer be able to deploy your Cloud Functions using nodejs20. We recommend you to upgrade to the latest version of Node.js as soon as possible."}]},{"name":"SERVICE","state":"NOT_STARTED"}],"operationType":"CREATE_FUNCTION"},"done":false}
[debug] [2026-09-20T12:59:39.029Z] [create-default-europe-west1-deleteUserAccount] Retrying task index 0
[debug] [2026-09-20T12:59:39.029Z] Checked if tokens are valid: true, expires at: 1789912623677
[debug] [2026-09-20T12:59:39.029Z] Checked if tokens are valid: true, expires at: 1789912623677
[debug] [2026-09-20T12:59:39.030Z] >>> [apiv2][query] GET https://cloudfunctions.googleapis.com/v2/projects/teammanager-football/locations/europe-west1/operations/operation-1789909129071-65be9b1d18cc3-4c6e2f08-8180be10 [none]
[debug] [2026-09-20T12:59:39.178Z] <<< [apiv2][status] GET https://cloudfunctions.googleapis.com/v2/projects/teammanager-football/locations/europe-west1/operations/operation-1789909129071-65be9b1d18cc3-4c6e2f08-8180be10 200
[debug] [2026-09-20T12:59:39.178Z] <<< [apiv2][body] GET https://cloudfunctions.googleapis.com/v2/projects/teammanager-football/locations/europe-west1/operations/operation-1789909129071-65be9b1d18cc3-4c6e2f08-8180be10 {"name":"projects/teammanager-football/locations/europe-west1/operations/operation-1789909129071-65be9b1d18cc3-4c6e2f08-8180be10","metadata":{"@type":"type.googleapis.com/google.cloud.functions.v2.OperationMetadata","createTime":"2026-09-20T12:58:52.395923935Z","target":"projects/teammanager-football/locations/europe-west1/functions/deleteUserAccount","verb":"create","cancelRequested":false,"apiVersion":"v2","requestResource":{"@type":"type.googleapis.com/google.cloud.functions.v2.Function","name":"projects/teammanager-football/locations/europe-west1/functions/deleteUserAccount","buildConfig":{"runtime":"nodejs20","entryPoint":"deleteUserAccount","source":{"storageSource":{"bucket":"gcf-v2-sources-418794589338-europe-west1","object":"deleteUserAccount/function-source.zip","generation":"1789909131083349"}},"environmentVariables":{"GOOGLE_NODE_RUN_SCRIPTS":""},"serviceAccount":"projects/teammanager-football/serviceAccounts/418794589338-compute@developer.gserviceaccount.com","automaticUpdatePolicy":{}},"serviceConfig":{"service":"projects/teammanager-football/locations/europe-west1/services/deleteuseraccount","timeoutSeconds":60,"environmentVariables":{"FIREBASE_CONFIG":"{\"projectId\":\"teammanager-football\",\"storageBucket\":\"teammanager-football.firebasestorage.app\"}","GCLOUD_PROJECT":"teammanager-football","EVENTARC_CLOUD_EVENT_SOURCE":"projects/teammanager-football/locations/europe-west1/services/deleteUserAccount","FUNCTION_REGION":"europe-west1","FUNCTION_TARGET":"deleteUserAccount","LOG_EXECUTION_ID":"true"},"ingressSettings":"ALLOW_ALL","serviceAccountEmail":"418794589338-compute@developer.gserviceaccount.com","availableMemory":"256Mi","maxInstanceRequestConcurrency":80,"availableCpu":"1"},"labels":{"deployment-tool":"cli-firebase","deployment-callable":"true","firebase-functions-hash":"1bfd6e25699a1efe8d7ff879f3eb8ea2e00a5eb8"},"environment":"GEN_2"},"stages":[{"name":"BUILD","state":"NOT_STARTED","stateMessages":[{"severity":"WARNING","type":"BuildAnalysisWarning","message":"Node.js 20 is no longer supported by the Node.js community as of 30 April, 2026. Node.js 20 will be decommissioned on 2026-10-30. As of 2026-10-30 you will no longer be able to deploy your Cloud Functions using nodejs20. We recommend you to upgrade to the latest version of Node.js as soon as possible."}]},{"name":"SERVICE","state":"NOT_STARTED"}],"operationType":"CREATE_FUNCTION"},"done":false}
[debug] [2026-09-20T12:59:49.192Z] [create-default-europe-west1-deleteUserAccount] Retrying task index 0
[debug] [2026-09-20T12:59:49.193Z] Checked if tokens are valid: true, expires at: 1789912623677
[debug] [2026-09-20T12:59:49.193Z] Checked if tokens are valid: true, expires at: 1789912623677
[debug] [2026-09-20T12:59:49.193Z] >>> [apiv2][query] GET https://cloudfunctions.googleapis.com/v2/projects/teammanager-football/locations/europe-west1/operations/operation-1789909129071-65be9b1d18cc3-4c6e2f08-8180be10 [none]
[debug] [2026-09-20T12:59:49.298Z] <<< [apiv2][status] GET https://cloudfunctions.googleapis.com/v2/projects/teammanager-football/locations/europe-west1/operations/operation-1789909129071-65be9b1d18cc3-4c6e2f08-8180be10 200
[debug] [2026-09-20T12:59:49.298Z] <<< [apiv2][body] GET https://cloudfunctions.googleapis.com/v2/projects/teammanager-football/locations/europe-west1/operations/operation-1789909129071-65be9b1d18cc3-4c6e2f08-8180be10 {"name":"projects/teammanager-football/locations/europe-west1/operations/operation-1789909129071-65be9b1d18cc3-4c6e2f08-8180be10","metadata":{"@type":"type.googleapis.com/google.cloud.functions.v2.OperationMetadata","createTime":"2026-09-20T12:58:52.395923935Z","target":"projects/teammanager-football/locations/europe-west1/functions/deleteUserAccount","verb":"create","cancelRequested":false,"apiVersion":"v2","requestResource":{"@type":"type.googleapis.com/google.cloud.functions.v2.Function","name":"projects/teammanager-football/locations/europe-west1/functions/deleteUserAccount","buildConfig":{"runtime":"nodejs20","entryPoint":"deleteUserAccount","source":{"storageSource":{"bucket":"gcf-v2-sources-418794589338-europe-west1","object":"deleteUserAccount/function-source.zip","generation":"1789909131083349"}},"environmentVariables":{"GOOGLE_NODE_RUN_SCRIPTS":""},"serviceAccount":"projects/teammanager-football/serviceAccounts/418794589338-compute@developer.gserviceaccount.com","automaticUpdatePolicy":{}},"serviceConfig":{"service":"projects/teammanager-football/locations/europe-west1/services/deleteuseraccount","timeoutSeconds":60,"environmentVariables":{"FIREBASE_CONFIG":"{\"projectId\":\"teammanager-football\",\"storageBucket\":\"teammanager-football.firebasestorage.app\"}","GCLOUD_PROJECT":"teammanager-football","EVENTARC_CLOUD_EVENT_SOURCE":"projects/teammanager-football/locations/europe-west1/services/deleteUserAccount","FUNCTION_REGION":"europe-west1","FUNCTION_TARGET":"deleteUserAccount","LOG_EXECUTION_ID":"true"},"ingressSettings":"ALLOW_ALL","serviceAccountEmail":"418794589338-compute@developer.gserviceaccount.com","availableMemory":"256Mi","maxInstanceRequestConcurrency":80,"availableCpu":"1"},"labels":{"deployment-tool":"cli-firebase","deployment-callable":"true","firebase-functions-hash":"1bfd6e25699a1efe8d7ff879f3eb8ea2e00a5eb8"},"environment":"GEN_2"},"stages":[{"name":"BUILD","message":"Build in progress","state":"IN_PROGRESS","resource":"projects/418794589338/locations/europe-west1/builds/c4db83b9-7ef9-465e-afba-da90ea3f14d9","resourceUri":"https://console.cloud.google.com/cloud-build/builds;region=europe-west1/c4db83b9-7ef9-465e-afba-da90ea3f14d9?project=418794589338"},{"name":"SERVICE","state":"NOT_STARTED"}],"operationType":"CREATE_FUNCTION","buildName":"projects/418794589338/locations/europe-west1/builds/c4db83b9-7ef9-465e-afba-da90ea3f14d9"},"done":false}
[debug] [2026-09-20T12:59:59.309Z] [create-default-europe-west1-deleteUserAccount] Retrying task index 0
[debug] [2026-09-20T12:59:59.310Z] Checked if tokens are valid: true, expires at: 1789912623677
[debug] [2026-09-20T12:59:59.310Z] Checked if tokens are valid: true, expires at: 1789912623677
[debug] [2026-09-20T12:59:59.310Z] >>> [apiv2][query] GET https://cloudfunctions.googleapis.com/v2/projects/teammanager-football/locations/europe-west1/operations/operation-1789909129071-65be9b1d18cc3-4c6e2f08-8180be10 [none]
[debug] [2026-09-20T12:59:59.467Z] <<< [apiv2][status] GET https://cloudfunctions.googleapis.com/v2/projects/teammanager-football/locations/europe-west1/operations/operation-1789909129071-65be9b1d18cc3-4c6e2f08-8180be10 200
[debug] [2026-09-20T12:59:59.467Z] <<< [apiv2][body] GET https://cloudfunctions.googleapis.com/v2/projects/teammanager-football/locations/europe-west1/operations/operation-1789909129071-65be9b1d18cc3-4c6e2f08-8180be10 {"name":"projects/teammanager-football/locations/europe-west1/operations/operation-1789909129071-65be9b1d18cc3-4c6e2f08-8180be10","metadata":{"@type":"type.googleapis.com/google.cloud.functions.v2.OperationMetadata","createTime":"2026-09-20T12:58:52.395923935Z","target":"projects/teammanager-football/locations/europe-west1/functions/deleteUserAccount","verb":"create","cancelRequested":false,"apiVersion":"v2","requestResource":{"@type":"type.googleapis.com/google.cloud.functions.v2.Function","name":"projects/teammanager-football/locations/europe-west1/functions/deleteUserAccount","buildConfig":{"runtime":"nodejs20","entryPoint":"deleteUserAccount","source":{"storageSource":{"bucket":"gcf-v2-sources-418794589338-europe-west1","object":"deleteUserAccount/function-source.zip","generation":"1789909131083349"}},"environmentVariables":{"GOOGLE_NODE_RUN_SCRIPTS":""},"serviceAccount":"projects/teammanager-football/serviceAccounts/418794589338-compute@developer.gserviceaccount.com","automaticUpdatePolicy":{}},"serviceConfig":{"service":"projects/teammanager-football/locations/europe-west1/services/deleteuseraccount","timeoutSeconds":60,"environmentVariables":{"FIREBASE_CONFIG":"{\"projectId\":\"teammanager-football\",\"storageBucket\":\"teammanager-football.firebasestorage.app\"}","GCLOUD_PROJECT":"teammanager-football","EVENTARC_CLOUD_EVENT_SOURCE":"projects/teammanager-football/locations/europe-west1/services/deleteUserAccount","FUNCTION_REGION":"europe-west1","FUNCTION_TARGET":"deleteUserAccount","LOG_EXECUTION_ID":"true"},"ingressSettings":"ALLOW_ALL","serviceAccountEmail":"418794589338-compute@developer.gserviceaccount.com","availableMemory":"256Mi","maxInstanceRequestConcurrency":80,"availableCpu":"1"},"labels":{"deployment-tool":"cli-firebase","deployment-callable":"true","firebase-functions-hash":"1bfd6e25699a1efe8d7ff879f3eb8ea2e00a5eb8"},"environment":"GEN_2"},"stages":[{"name":"BUILD","message":"Build in progress","state":"IN_PROGRESS","resource":"projects/418794589338/locations/europe-west1/builds/c4db83b9-7ef9-465e-afba-da90ea3f14d9","resourceUri":"https://console.cloud.google.com/cloud-build/builds;region=europe-west1/c4db83b9-7ef9-465e-afba-da90ea3f14d9?project=418794589338"},{"name":"SERVICE","state":"NOT_STARTED"}],"operationType":"CREATE_FUNCTION","buildName":"projects/418794589338/locations/europe-west1/builds/c4db83b9-7ef9-465e-afba-da90ea3f14d9"},"done":false}
[debug] [2026-09-20T13:00:09.475Z] [create-default-europe-west1-deleteUserAccount] Retrying task index 0
[debug] [2026-09-20T13:00:09.476Z] Checked if tokens are valid: true, expires at: 1789912623677
[debug] [2026-09-20T13:00:09.476Z] Checked if tokens are valid: true, expires at: 1789912623677
[debug] [2026-09-20T13:00:09.476Z] >>> [apiv2][query] GET https://cloudfunctions.googleapis.com/v2/projects/teammanager-football/locations/europe-west1/operations/operation-1789909129071-65be9b1d18cc3-4c6e2f08-8180be10 [none]
[debug] [2026-09-20T13:00:09.687Z] <<< [apiv2][status] GET https://cloudfunctions.googleapis.com/v2/projects/teammanager-football/locations/europe-west1/operations/operation-1789909129071-65be9b1d18cc3-4c6e2f08-8180be10 200
[debug] [2026-09-20T13:00:09.687Z] <<< [apiv2][body] GET https://cloudfunctions.googleapis.com/v2/projects/teammanager-football/locations/europe-west1/operations/operation-1789909129071-65be9b1d18cc3-4c6e2f08-8180be10 {"name":"projects/teammanager-football/locations/europe-west1/operations/operation-1789909129071-65be9b1d18cc3-4c6e2f08-8180be10","metadata":{"@type":"type.googleapis.com/google.cloud.functions.v2.OperationMetadata","createTime":"2026-09-20T12:58:52.395923935Z","target":"projects/teammanager-football/locations/europe-west1/functions/deleteUserAccount","verb":"create","cancelRequested":false,"apiVersion":"v2","requestResource":{"@type":"type.googleapis.com/google.cloud.functions.v2.Function","name":"projects/teammanager-football/locations/europe-west1/functions/deleteUserAccount","buildConfig":{"runtime":"nodejs20","entryPoint":"deleteUserAccount","source":{"storageSource":{"bucket":"gcf-v2-sources-418794589338-europe-west1","object":"deleteUserAccount/function-source.zip","generation":"1789909131083349"}},"environmentVariables":{"GOOGLE_NODE_RUN_SCRIPTS":""},"serviceAccount":"projects/teammanager-football/serviceAccounts/418794589338-compute@developer.gserviceaccount.com","automaticUpdatePolicy":{}},"serviceConfig":{"service":"projects/teammanager-football/locations/europe-west1/services/deleteuseraccount","timeoutSeconds":60,"environmentVariables":{"FIREBASE_CONFIG":"{\"projectId\":\"teammanager-football\",\"storageBucket\":\"teammanager-football.firebasestorage.app\"}","GCLOUD_PROJECT":"teammanager-football","EVENTARC_CLOUD_EVENT_SOURCE":"projects/teammanager-football/locations/europe-west1/services/deleteUserAccount","FUNCTION_REGION":"europe-west1","FUNCTION_TARGET":"deleteUserAccount","LOG_EXECUTION_ID":"true"},"ingressSettings":"ALLOW_ALL","serviceAccountEmail":"418794589338-compute@developer.gserviceaccount.com","availableMemory":"256Mi","maxInstanceRequestConcurrency":80,"availableCpu":"1"},"labels":{"deployment-tool":"cli-firebase","deployment-callable":"true","firebase-functions-hash":"1bfd6e25699a1efe8d7ff879f3eb8ea2e00a5eb8"},"environment":"GEN_2"},"stages":[{"name":"BUILD","message":"Build finished","state":"COMPLETE","resource":"projects/418794589338/locations/europe-west1/builds/c4db83b9-7ef9-465e-afba-da90ea3f14d9","resourceUri":"https://console.cloud.google.com/cloud-build/builds;region=europe-west1/c4db83b9-7ef9-465e-afba-da90ea3f14d9?project=418794589338"},{"name":"SERVICE","state":"NOT_STARTED"}],"sourceToken":"Clhwcm9qZWN0cy80MTg3OTQ1ODkzMzgvbG9jYXRpb25zL2V1cm9wZS13ZXN0MS9idWlsZHMvYzRkYjgzYjktN2VmOS00NjVlLWFmYmEtZGE5MGVhM2YxNGQ5EoIBZXVyb3BlLXdlc3QxLWRvY2tlci5wa2cuZGV2L3RlYW1tYW5hZ2VyLWZvb3RiYWxsL2djZi1hcnRpZmFjdHMvdGVhbW1hbmFnZXItLWZvb3RiYWxsX19ldXJvcGUtLXdlc3QxX19kZWxldGVfdXNlcl9hY2NvdW50OnZlcnNpb25fMRiamemQmAwiUHByb2plY3RzL3RlYW1tYW5hZ2VyLWZvb3RiYWxsL2xvY2F0aW9ucy9ldXJvcGUtd2VzdDEvZnVuY3Rpb25zL2RlbGV0ZVVzZXJBY2NvdW50KgwI2bG/1QYQ0Kj9lgEyCG5vZGVqczIwOncKI2djci5pby9nYWUtcnVudGltZXMvbm9kZWpzMjA6c3RhYmxlElBldXJvcGUtd2VzdDEtZG9ja2VyLnBrZy5kZXYvc2VydmVybGVzcy1ydW50aW1lcy9nb29nbGUtMjItZnVsbC9ydW50aW1lcy9ub2RlanMyMEAB","operationType":"CREATE_FUNCTION","buildName":"projects/418794589338/locations/europe-west1/builds/c4db83b9-7ef9-465e-afba-da90ea3f14d9"},"done":false}
[debug] [2026-09-20T13:00:09.687Z] Got source token Clhwcm9qZWN0cy80MTg3OTQ1ODkzMzgvbG9jYXRpb25zL2V1cm9wZS13ZXN0MS9idWlsZHMvYzRkYjgzYjktN2VmOS00NjVlLWFmYmEtZGE5MGVhM2YxNGQ5EoIBZXVyb3BlLXdlc3QxLWRvY2tlci5wa2cuZGV2L3RlYW1tYW5hZ2VyLWZvb3RiYWxsL2djZi1hcnRpZmFjdHMvdGVhbW1hbmFnZXItLWZvb3RiYWxsX19ldXJvcGUtLXdlc3QxX19kZWxldGVfdXNlcl9hY2NvdW50OnZlcnNpb25fMRiamemQmAwiUHByb2plY3RzL3RlYW1tYW5hZ2VyLWZvb3RiYWxsL2xvY2F0aW9ucy9ldXJvcGUtd2VzdDEvZnVuY3Rpb25zL2RlbGV0ZVVzZXJBY2NvdW50KgwI2bG/1QYQ0Kj9lgEyCG5vZGVqczIwOncKI2djci5pby9nYWUtcnVudGltZXMvbm9kZWpzMjA6c3RhYmxlElBldXJvcGUtd2VzdDEtZG9ja2VyLnBrZy5kZXYvc2VydmVybGVzcy1ydW50aW1lcy9nb29nbGUtMjItZnVsbC9ydW50aW1lcy9ub2RlanMyMEAB for region europe-west1
[debug] [2026-09-20T13:00:19.697Z] [create-default-europe-west1-deleteUserAccount] Retrying task index 0
[debug] [2026-09-20T13:00:19.697Z] Checked if tokens are valid: true, expires at: 1789912623677
[debug] [2026-09-20T13:00:19.697Z] Checked if tokens are valid: true, expires at: 1789912623677
[debug] [2026-09-20T13:00:19.698Z] >>> [apiv2][query] GET https://cloudfunctions.googleapis.com/v2/projects/teammanager-football/locations/europe-west1/operations/operation-1789909129071-65be9b1d18cc3-4c6e2f08-8180be10 [none]
[debug] [2026-09-20T13:00:19.806Z] <<< [apiv2][status] GET https://cloudfunctions.googleapis.com/v2/projects/teammanager-football/locations/europe-west1/operations/operation-1789909129071-65be9b1d18cc3-4c6e2f08-8180be10 200
[debug] [2026-09-20T13:00:19.806Z] <<< [apiv2][body] GET https://cloudfunctions.googleapis.com/v2/projects/teammanager-football/locations/europe-west1/operations/operation-1789909129071-65be9b1d18cc3-4c6e2f08-8180be10 {"name":"projects/teammanager-football/locations/europe-west1/operations/operation-1789909129071-65be9b1d18cc3-4c6e2f08-8180be10","metadata":{"@type":"type.googleapis.com/google.cloud.functions.v2.OperationMetadata","createTime":"2026-09-20T12:58:52.395923935Z","endTime":"2026-09-20T13:00:17.893857080Z","target":"projects/teammanager-football/locations/europe-west1/functions/deleteUserAccount","verb":"create","cancelRequested":false,"apiVersion":"v2","requestResource":{"@type":"type.googleapis.com/google.cloud.functions.v2.Function","name":"projects/teammanager-football/locations/europe-west1/functions/deleteUserAccount","buildConfig":{"runtime":"nodejs20","entryPoint":"deleteUserAccount","source":{"storageSource":{"bucket":"gcf-v2-sources-418794589338-europe-west1","object":"deleteUserAccount/function-source.zip","generation":"1789909131083349"}},"environmentVariables":{"GOOGLE_NODE_RUN_SCRIPTS":""},"serviceAccount":"projects/teammanager-football/serviceAccounts/418794589338-compute@developer.gserviceaccount.com","automaticUpdatePolicy":{}},"serviceConfig":{"service":"projects/teammanager-football/locations/europe-west1/services/deleteuseraccount","timeoutSeconds":60,"environmentVariables":{"FIREBASE_CONFIG":"{\"projectId\":\"teammanager-football\",\"storageBucket\":\"teammanager-football.firebasestorage.app\"}","GCLOUD_PROJECT":"teammanager-football","EVENTARC_CLOUD_EVENT_SOURCE":"projects/teammanager-football/locations/europe-west1/services/deleteUserAccount","FUNCTION_REGION":"europe-west1","FUNCTION_TARGET":"deleteUserAccount","LOG_EXECUTION_ID":"true"},"ingressSettings":"ALLOW_ALL","serviceAccountEmail":"418794589338-compute@developer.gserviceaccount.com","availableMemory":"256Mi","maxInstanceRequestConcurrency":80,"availableCpu":"1"},"labels":{"deployment-tool":"cli-firebase","deployment-callable":"true","firebase-functions-hash":"1bfd6e25699a1efe8d7ff879f3eb8ea2e00a5eb8"},"environment":"GEN_2"},"stages":[{"name":"BUILD","message":"Build finished","state":"COMPLETE","resource":"projects/418794589338/locations/europe-west1/builds/c4db83b9-7ef9-465e-afba-da90ea3f14d9","resourceUri":"https://console.cloud.google.com/cloud-build/builds;region=europe-west1/c4db83b9-7ef9-465e-afba-da90ea3f14d9?project=418794589338"},{"name":"SERVICE","message":"Creating Cloud Run service","state":"COMPLETE","resource":"projects/teammanager-football/locations/europe-west1/services/deleteuseraccount","resourceUri":"https://console.cloud.google.com/run/detail/europe-west1/deleteuseraccount?project=teammanager-football"}],"sourceToken":"Clhwcm9qZWN0cy80MTg3OTQ1ODkzMzgvbG9jYXRpb25zL2V1cm9wZS13ZXN0MS9idWlsZHMvYzRkYjgzYjktN2VmOS00NjVlLWFmYmEtZGE5MGVhM2YxNGQ5EoIBZXVyb3BlLXdlc3QxLWRvY2tlci5wa2cuZGV2L3RlYW1tYW5hZ2VyLWZvb3RiYWxsL2djZi1hcnRpZmFjdHMvdGVhbW1hbmFnZXItLWZvb3RiYWxsX19ldXJvcGUtLXdlc3QxX19kZWxldGVfdXNlcl9hY2NvdW50OnZlcnNpb25fMRiamemQmAwiUHByb2plY3RzL3RlYW1tYW5hZ2VyLWZvb3RiYWxsL2xvY2F0aW9ucy9ldXJvcGUtd2VzdDEvZnVuY3Rpb25zL2RlbGV0ZVVzZXJBY2NvdW50KgwI2bG/1QYQ0Kj9lgEyCG5vZGVqczIwOncKI2djci5pby9nYWUtcnVudGltZXMvbm9kZWpzMjA6c3RhYmxlElBldXJvcGUtd2VzdDEtZG9ja2VyLnBrZy5kZXYvc2VydmVybGVzcy1ydW50aW1lcy9nb29nbGUtMjItZnVsbC9ydW50aW1lcy9ub2RlanMyMEAB","operationType":"CREATE_FUNCTION","buildName":"projects/418794589338/locations/europe-west1/builds/c4db83b9-7ef9-465e-afba-da90ea3f14d9"},"done":true,"response":{"@type":"type.googleapis.com/google.cloud.functions.v2.Function","name":"projects/teammanager-football/locations/europe-west1/functions/deleteUserAccount","buildConfig":{"build":"projects/418794589338/locations/europe-west1/builds/c4db83b9-7ef9-465e-afba-da90ea3f14d9","runtime":"nodejs20","entryPoint":"deleteUserAccount","source":{"storageSource":{"bucket":"gcf-v2-sources-418794589338-europe-west1","object":"deleteUserAccount/function-source.zip","generation":"1789909131083349"}},"environmentVariables":{"GOOGLE_NODE_RUN_SCRIPTS":""},"dockerRepository":"projects/teammanager-football/locations/europe-west1/repositories/gcf-artifacts","sourceProvenance":{"resolvedStorageSource":{"bucket":"gcf-v2-sources-418794589338-europe-west1","object":"deleteUserAccount/function-source.zip","generation":"1789909131083349"}},"dockerRegistry":"ARTIFACT_REGISTRY","serviceAccount":"projects/teammanager-football/serviceAccounts/418794589338-compute@developer.gserviceaccount.com","automaticUpdatePolicy":{}},"serviceConfig":{"service":"projects/teammanager-football/locations/europe-west1/services/deleteuseraccount","timeoutSeconds":60,"environmentVariables":{"FIREBASE_CONFIG":"{\"projectId\":\"teammanager-football\",\"storageBucket\":\"teammanager-football.firebasestorage.app\"}","GCLOUD_PROJECT":"teammanager-football","EVENTARC_CLOUD_EVENT_SOURCE":"projects/teammanager-football/locations/europe-west1/services/deleteUserAccount","FUNCTION_REGION":"europe-west1","FUNCTION_TARGET":"deleteUserAccount","LOG_EXECUTION_ID":"true"},"ingressSettings":"ALLOW_ALL","uri":"https://deleteuseraccount-glxtje3bza-ew.a.run.app","serviceAccountEmail":"418794589338-compute@developer.gserviceaccount.com","availableMemory":"256Mi","allTrafficOnLatestRevision":true,"revision":"deleteuseraccount-00001-tiw","maxInstanceRequestConcurrency":80,"availableCpu":"1"},"state":"ACTIVE","updateTime":"2026-09-20T12:58:52.391755012Z","labels":{"deployment-callable":"true","firebase-functions-hash":"1bfd6e25699a1efe8d7ff879f3eb8ea2e00a5eb8","deployment-tool":"cli-firebase"},"environment":"GEN_2","url":"https://europe-west1-teammanager-football.cloudfunctions.net/deleteUserAccount","createTime":"2026-09-20T12:58:52.391755012Z","satisfiesPzi":true}}
[debug] [2026-09-20T13:00:19.806Z] Got source token Clhwcm9qZWN0cy80MTg3OTQ1ODkzMzgvbG9jYXRpb25zL2V1cm9wZS13ZXN0MS9idWlsZHMvYzRkYjgzYjktN2VmOS00NjVlLWFmYmEtZGE5MGVhM2YxNGQ5EoIBZXVyb3BlLXdlc3QxLWRvY2tlci5wa2cuZGV2L3RlYW1tYW5hZ2VyLWZvb3RiYWxsL2djZi1hcnRpZmFjdHMvdGVhbW1hbmFnZXItLWZvb3RiYWxsX19ldXJvcGUtLXdlc3QxX19kZWxldGVfdXNlcl9hY2NvdW50OnZlcnNpb25fMRiamemQmAwiUHByb2plY3RzL3RlYW1tYW5hZ2VyLWZvb3RiYWxsL2xvY2F0aW9ucy9ldXJvcGUtd2VzdDEvZnVuY3Rpb25zL2RlbGV0ZVVzZXJBY2NvdW50KgwI2bG/1QYQ0Kj9lgEyCG5vZGVqczIwOncKI2djci5pby9nYWUtcnVudGltZXMvbm9kZWpzMjA6c3RhYmxlElBldXJvcGUtd2VzdDEtZG9ja2VyLnBrZy5kZXYvc2VydmVybGVzcy1ydW50aW1lcy9nb29nbGUtMjItZnVsbC9ydW50aW1lcy9ub2RlanMyMEAB for region europe-west1
[debug] [2026-09-20T13:00:19.808Z] Checked if tokens are valid: true, expires at: 1789912623677
[debug] [2026-09-20T13:00:19.808Z] Checked if tokens are valid: true, expires at: 1789912623677
[debug] [2026-09-20T13:00:19.808Z] >>> [apiv2][query] POST https://run.googleapis.com/v1/projects/teammanager-football/locations/europe-west1/services/deleteuseraccount:setIamPolicy [none]
[debug] [2026-09-20T13:00:19.808Z] >>> [apiv2][body] POST https://run.googleapis.com/v1/projects/teammanager-football/locations/europe-west1/services/deleteuseraccount:setIamPolicy {"policy":{"bindings":[{"role":"roles/run.invoker","members":["allUsers"]}],"etag":"","version":3},"updateMask":"bindings,etag,version"}
[debug] [2026-09-20T13:00:20.484Z] <<< [apiv2][status] POST https://run.googleapis.com/v1/projects/teammanager-football/locations/europe-west1/services/deleteuseraccount:setIamPolicy 200
[debug] [2026-09-20T13:00:20.484Z] <<< [apiv2][body] POST https://run.googleapis.com/v1/projects/teammanager-football/locations/europe-west1/services/deleteuseraccount:setIamPolicy {"version":1,"etag":"BwZb6bdB+vs=","bindings":[{"role":"roles/run.invoker","members":["allUsers"]}]}
[info] +  functions[deleteUserAccount(europe-west1)] Successful create operation. 
[debug] [2026-09-20T13:00:20.491Z] Total Function Deployment time: 91543
[debug] [2026-09-20T13:00:20.491Z] 1 Functions Deployed
[debug] [2026-09-20T13:00:20.491Z] 0 Functions Errored
[debug] [2026-09-20T13:00:20.491Z] 0 Function Deployments Aborted
[debug] [2026-09-20T13:00:20.491Z] Average Function Deployment time: 91541
[debug] [2026-09-20T13:00:20.600Z] Checked if tokens are valid: true, expires at: 1789912623677
[debug] [2026-09-20T13:00:20.600Z] Checked if tokens are valid: true, expires at: 1789912623677
[debug] [2026-09-20T13:00:20.600Z] >>> [apiv2][query] GET https://artifactregistry.googleapis.com/v1/projects/teammanager-football/locations/europe-west1/repositories/gcf-artifacts [none]
[debug] [2026-09-20T13:00:20.765Z] <<< [apiv2][status] GET https://artifactregistry.googleapis.com/v1/projects/teammanager-football/locations/europe-west1/repositories/gcf-artifacts 200
[debug] [2026-09-20T13:00:20.765Z] <<< [apiv2][body] GET https://artifactregistry.googleapis.com/v1/projects/teammanager-football/locations/europe-west1/repositories/gcf-artifacts {"name":"projects/teammanager-football/locations/europe-west1/repositories/gcf-artifacts","format":"DOCKER","description":"This repository is created and used by Cloud Functions for storing function docker images.","labels":{"goog-managed-by":"cloudfunctions"},"createTime":"2026-09-20T12:59:39.009282Z","updateTime":"2026-09-20T13:00:06.630091Z","mode":"STANDARD_REPOSITORY","sizeBytes":"87973351","vulnerabilityScanningConfig":{"lastEnableTime":"2026-09-20T12:59:23.807646088Z","enablementState":"SCANNING_DISABLED","enablementStateReason":"API containerscanning.googleapis.com is not enabled."},"satisfiesPzi":true,"registryUri":"europe-west1-docker.pkg.dev/teammanager-football/gcf-artifacts"}
[warn] !  functions: No cleanup policy detected for repositories in europe-west1. This may result in a small monthly bill as container images accumulate over time. 
[debug] [2026-09-20T13:00:46.732Z] ExitPromptError: User force closed the prompt with SIGINT
    at Interface.sigint (C:\Users\Andre\AppData\Roaming\npm\node_modules\firebase-tools\node_modules\@inquirer\core\dist\commonjs\lib\create-prompt.js:101:37)
    at Interface.emit (node:events:509:28)
    at [_ttyWrite] [as _ttyWrite] (node:internal/readline/interface:1327:18)
    at ReadStream.onkeypress (node:internal/readline/interface:284:20)
    at ReadStream.emit (node:events:521:24)
    at emitKeys (node:internal/readline/utils:371:14)
    at emitKeys.next (<anonymous>)
    at ReadStream.onData (node:internal/readline/emitKeypressEvents:64:36)
    at ReadStream.emit (node:events:509:28)
    at addChunk (node:internal/streams/readable:563:12)
[error] 
[error] Error: An unexpected error has occurred.
